#! /nix/store/imkqvsk94fj3l5qvk7vimb4sq6lyyan4-iverilog-12.0/bin/vvp
:ivl_version "12.0 (stable)";
:ivl_delay_selection "TYPICAL";
:vpi_time_precision - 12;
:vpi_module "/nix/store/imkqvsk94fj3l5qvk7vimb4sq6lyyan4-iverilog-12.0/lib/ivl/system.vpi";
:vpi_module "/nix/store/imkqvsk94fj3l5qvk7vimb4sq6lyyan4-iverilog-12.0/lib/ivl/vhdl_sys.vpi";
:vpi_module "/nix/store/imkqvsk94fj3l5qvk7vimb4sq6lyyan4-iverilog-12.0/lib/ivl/vhdl_textio.vpi";
:vpi_module "/nix/store/imkqvsk94fj3l5qvk7vimb4sq6lyyan4-iverilog-12.0/lib/ivl/v2005_math.vpi";
:vpi_module "/nix/store/imkqvsk94fj3l5qvk7vimb4sq6lyyan4-iverilog-12.0/lib/ivl/va_math.vpi";
S_0x55ac5f3fd9c0 .scope module, "tb_railway_crossing_controller" "tb_railway_crossing_controller" 2 8;
 .timescale -9 -12;
P_0x55ac5f432d70 .param/l "S_CLOSED" 1 2 27, C4<0011>;
P_0x55ac5f432db0 .param/l "S_CLOSING" 1 2 26, C4<0010>;
P_0x55ac5f432df0 .param/l "S_EMERGENCY" 1 2 31, C4<0111>;
P_0x55ac5f432e30 .param/l "S_IDLE" 1 2 24, C4<0000>;
P_0x55ac5f432e70 .param/l "S_OPENING" 1 2 29, C4<0101>;
P_0x55ac5f432eb0 .param/l "S_SAFETY_HOLD" 1 2 30, C4<0110>;
P_0x55ac5f432ef0 .param/l "S_TRAIN_PASSING" 1 2 28, C4<0100>;
P_0x55ac5f432f30 .param/l "S_WARNING" 1 2 25, C4<0001>;
v0x55ac5f495940_0 .net "barrier_down", 0 0, v0x55ac5f493720_0;  1 drivers
v0x55ac5f495a00_0 .net "barrier_moving", 0 0, v0x55ac5f4937e0_0;  1 drivers
v0x55ac5f495aa0_0 .net "barrier_up", 0 0, v0x55ac5f4938a0_0;  1 drivers
v0x55ac5f495ba0_0 .net "buzzer", 0 0, v0x55ac5f493960_0;  1 drivers
v0x55ac5f495c70_0 .var/i "checks", 31 0;
v0x55ac5f495d60_0 .var "clk", 0 0;
v0x55ac5f495e00_0 .net "emergency_indicator", 0 0, v0x55ac5f493ba0_0;  1 drivers
v0x55ac5f495ed0_0 .var "emergency_override", 0 0;
v0x55ac5f495fa0_0 .var/i "errors", 31 0;
v0x55ac5f496040_0 .var "manual_reset", 0 0;
v0x55ac5f496110_0 .var "obstacle_detected", 0 0;
v0x55ac5f4961e0_0 .var "prev_state", 3 0;
v0x55ac5f496280_0 .net "rail_signal_red", 0 0, v0x55ac5f494040_0;  1 drivers
v0x55ac5f496350_0 .var "rst_n", 0 0;
v0x55ac5f496420_0 .net "state_out", 3 0, L_0x55ac5f452b60;  1 drivers
v0x55ac5f4964f0_0 .net "timer_out", 7 0, L_0x55ac5f449260;  1 drivers
v0x55ac5f4965c0_0 .var "train_approach", 0 0;
v0x55ac5f496690_0 .var "train_departed", 0 0;
v0x55ac5f496760_0 .net "train_dir_out", 1 0, L_0x55ac5f44acb0;  1 drivers
v0x55ac5f496830_0 .var "train_from_left", 0 0;
v0x55ac5f496900_0 .var "train_from_right", 0 0;
v0x55ac5f4969d0_0 .net "warning_light", 0 0, v0x55ac5f494cd0_0;  1 drivers
S_0x55ac5f41ad20 .scope function.vec4.s96, "barrier_text" "barrier_text" 2 93, 2 93 0, S_0x55ac5f3fd9c0;
 .timescale -9 -12;
; Variable barrier_text is vec4 return value of scope S_0x55ac5f41ad20
v0x55ac5f44a150_0 .var "dummy", 0 0;
TD_tb_railway_crossing_controller.barrier_text ;
    %load/vec4 v0x55ac5f495a00_0;
    %flag_set/vec4 9;
    %flag_get/vec4 9;
    %jmp/0 T_0.2, 9;
    %load/vec4 v0x55ac5f495940_0;
    %and;
T_0.2;
    %flag_set/vec4 8;
    %jmp/0xz  T_0.0, 8;
    %pushi/vec4 5066582, 0, 32; draw_string_vec4
    %pushi/vec4 1229866784, 0, 32; draw_string_vec4
    %concat/vec4; draw_string_vec4
    %pushi/vec4 1146050382, 0, 32; draw_string_vec4
    %concat/vec4; draw_string_vec4
    %ret/vec4 0, 0, 96;  Assign to barrier_text (store_vec4_to_lval)
    %jmp T_0.1;
T_0.0 ;
    %load/vec4 v0x55ac5f495a00_0;
    %flag_set/vec4 9;
    %flag_get/vec4 9;
    %jmp/0 T_0.5, 9;
    %load/vec4 v0x55ac5f495aa0_0;
    %and;
T_0.5;
    %flag_set/vec4 8;
    %jmp/0xz  T_0.3, 8;
    %pushi/vec4 5066582, 0, 32; draw_string_vec4
    %pushi/vec4 1229866784, 0, 32; draw_string_vec4
    %concat/vec4; draw_string_vec4
    %pushi/vec4 1431314464, 0, 32; draw_string_vec4
    %concat/vec4; draw_string_vec4
    %ret/vec4 0, 0, 96;  Assign to barrier_text (store_vec4_to_lval)
    %jmp T_0.4;
T_0.3 ;
    %load/vec4 v0x55ac5f495940_0;
    %flag_set/vec4 8;
    %jmp/0xz  T_0.6, 8;
    %pushi/vec4 4476759, 0, 32; draw_string_vec4
    %pushi/vec4 1310728224, 0, 32; draw_string_vec4
    %concat/vec4; draw_string_vec4
    %pushi/vec4 538976288, 0, 32; draw_string_vec4
    %concat/vec4; draw_string_vec4
    %ret/vec4 0, 0, 96;  Assign to barrier_text (store_vec4_to_lval)
    %jmp T_0.7;
T_0.6 ;
    %load/vec4 v0x55ac5f495aa0_0;
    %flag_set/vec4 8;
    %jmp/0xz  T_0.8, 8;
    %pushi/vec4 5591072, 0, 32; draw_string_vec4
    %pushi/vec4 538976288, 0, 32; draw_string_vec4
    %concat/vec4; draw_string_vec4
    %pushi/vec4 538976288, 0, 32; draw_string_vec4
    %concat/vec4; draw_string_vec4
    %ret/vec4 0, 0, 96;  Assign to barrier_text (store_vec4_to_lval)
    %jmp T_0.9;
T_0.8 ;
    %pushi/vec4 4736332, 0, 32; draw_string_vec4
    %pushi/vec4 1142956064, 0, 32; draw_string_vec4
    %concat/vec4; draw_string_vec4
    %pushi/vec4 538976288, 0, 32; draw_string_vec4
    %concat/vec4; draw_string_vec4
    %ret/vec4 0, 0, 96;  Assign to barrier_text (store_vec4_to_lval)
T_0.9 ;
T_0.7 ;
T_0.4 ;
T_0.1 ;
    %end;
S_0x55ac5f491bd0 .scope task, "check_bit" "check_bit" 2 148, 2 148 0, S_0x55ac5f3fd9c0;
 .timescale -9 -12;
v0x55ac5f44a250_0 .var "expected", 0 0;
v0x55ac5f44ae50_0 .var "label", 255 0;
v0x55ac5f44aef0_0 .var "value", 0 0;
TD_tb_railway_crossing_controller.check_bit ;
    %load/vec4 v0x55ac5f495c70_0;
    %addi 1, 0, 32;
    %store/vec4 v0x55ac5f495c70_0, 0, 32;
    %load/vec4 v0x55ac5f44aef0_0;
    %load/vec4 v0x55ac5f44a250_0;
    %cmp/e;
    %jmp/0xz  T_1.10, 6;
    %vpi_call 2 155 "$display", "[PASS] %0s = %b", v0x55ac5f44ae50_0, v0x55ac5f44aef0_0 {0 0 0};
    %jmp T_1.11;
T_1.10 ;
    %load/vec4 v0x55ac5f495fa0_0;
    %addi 1, 0, 32;
    %store/vec4 v0x55ac5f495fa0_0, 0, 32;
    %vpi_call 2 158 "$display", "[FAIL] %0s = %b (expected %b)", v0x55ac5f44ae50_0, v0x55ac5f44aef0_0, v0x55ac5f44a250_0 {0 0 0};
T_1.11 ;
    %end;
S_0x55ac5f491e30 .scope task, "check_state" "check_state" 2 133, 2 133 0, S_0x55ac5f3fd9c0;
 .timescale -9 -12;
v0x55ac5f3ccd00_0 .var "expected", 3 0;
v0x55ac5f492050_0 .var "label", 255 0;
TD_tb_railway_crossing_controller.check_state ;
    %load/vec4 v0x55ac5f495c70_0;
    %addi 1, 0, 32;
    %store/vec4 v0x55ac5f495c70_0, 0, 32;
    %load/vec4 v0x55ac5f496420_0;
    %load/vec4 v0x55ac5f3ccd00_0;
    %cmp/e;
    %jmp/0xz  T_2.12, 6;
    %load/vec4 v0x55ac5f496420_0;
    %store/vec4 v0x55ac5f492dc0_0, 0, 4;
    %callf/vec4 TD_tb_railway_crossing_controller.state_name, S_0x55ac5f495220;
    %vpi_call 2 139 "$display", "[PASS] %0s : STATE = %0s  (t=%0t)", v0x55ac5f492050_0, S<0,vec4,u128>, $time {1 0 0};
    %jmp T_2.13;
T_2.12 ;
    %load/vec4 v0x55ac5f495fa0_0;
    %addi 1, 0, 32;
    %store/vec4 v0x55ac5f495fa0_0, 0, 32;
    %load/vec4 v0x55ac5f3ccd00_0;
    %store/vec4 v0x55ac5f492dc0_0, 0, 4;
    %callf/vec4 TD_tb_railway_crossing_controller.state_name, S_0x55ac5f495220;
    %load/vec4 v0x55ac5f496420_0;
    %store/vec4 v0x55ac5f492dc0_0, 0, 4;
    %callf/vec4 TD_tb_railway_crossing_controller.state_name, S_0x55ac5f495220;
    %vpi_call 2 142 "$display", "[FAIL] %0s : expected %0s, got %0s  (t=%0t)", v0x55ac5f492050_0, S<1,vec4,u128>, S<0,vec4,u128>, $time {2 0 0};
T_2.13 ;
    %end;
S_0x55ac5f492130 .scope function.vec4.s64, "dir_arrow" "dir_arrow" 2 81, 2 81 0, S_0x55ac5f3fd9c0;
 .timescale -9 -12;
v0x55ac5f492310_0 .var "d", 1 0;
; Variable dir_arrow is vec4 return value of scope S_0x55ac5f492130
TD_tb_railway_crossing_controller.dir_arrow ;
    %load/vec4 v0x55ac5f492310_0;
    %dup/vec4;
    %pushi/vec4 1, 0, 2;
    %cmp/u;
    %jmp/1 T_3.14, 6;
    %dup/vec4;
    %pushi/vec4 2, 0, 2;
    %cmp/u;
    %jmp/1 T_3.15, 6;
    %dup/vec4;
    %pushi/vec4 3, 0, 2;
    %cmp/u;
    %jmp/1 T_3.16, 6;
    %pushi/vec4 538979629, 0, 32; draw_string_vec4
    %pushi/vec4 757932064, 0, 32; draw_string_vec4
    %concat/vec4; draw_string_vec4
    %ret/vec4 0, 0, 64;  Assign to dir_arrow (store_vec4_to_lval)
    %jmp T_3.18;
T_3.14 ;
    %pushi/vec4 538979629, 0, 32; draw_string_vec4
    %pushi/vec4 759046176, 0, 32; draw_string_vec4
    %concat/vec4; draw_string_vec4
    %ret/vec4 0, 0, 64;  Assign to dir_arrow (store_vec4_to_lval)
    %jmp T_3.18;
T_3.15 ;
    %pushi/vec4 538983469, 0, 32; draw_string_vec4
    %pushi/vec4 757932064, 0, 32; draw_string_vec4
    %concat/vec4; draw_string_vec4
    %ret/vec4 0, 0, 64;  Assign to dir_arrow (store_vec4_to_lval)
    %jmp T_3.18;
T_3.16 ;
    %pushi/vec4 540814655, 0, 32; draw_string_vec4
    %pushi/vec4 1059929632, 0, 32; draw_string_vec4
    %concat/vec4; draw_string_vec4
    %ret/vec4 0, 0, 64;  Assign to dir_arrow (store_vec4_to_lval)
    %jmp T_3.18;
T_3.18 ;
    %pop/vec4 1;
    %end;
S_0x55ac5f4924f0 .scope module, "dut" "railway_crossing_controller" 2 38, 3 17 0, S_0x55ac5f3fd9c0;
 .timescale -9 -12;
    .port_info 0 /INPUT 1 "clk";
    .port_info 1 /INPUT 1 "rst_n";
    .port_info 2 /INPUT 1 "train_approach";
    .port_info 3 /INPUT 1 "train_from_left";
    .port_info 4 /INPUT 1 "train_from_right";
    .port_info 5 /INPUT 1 "train_departed";
    .port_info 6 /INPUT 1 "obstacle_detected";
    .port_info 7 /INPUT 1 "emergency_override";
    .port_info 8 /INPUT 1 "manual_reset";
    .port_info 9 /OUTPUT 1 "warning_light";
    .port_info 10 /OUTPUT 1 "buzzer";
    .port_info 11 /OUTPUT 1 "rail_signal_red";
    .port_info 12 /OUTPUT 1 "barrier_up";
    .port_info 13 /OUTPUT 1 "barrier_down";
    .port_info 14 /OUTPUT 1 "barrier_moving";
    .port_info 15 /OUTPUT 1 "emergency_indicator";
    .port_info 16 /OUTPUT 4 "state_out";
    .port_info 17 /OUTPUT 8 "timer_out";
    .port_info 18 /OUTPUT 2 "train_dir_out";
P_0x55ac5f436d20 .param/l "CLOSING_TIME" 0 3 20, +C4<00000000000000000000000000000100>;
P_0x55ac5f436d60 .param/l "DIR_BOTH" 1 3 66, C4<11>;
P_0x55ac5f436da0 .param/l "DIR_L2R" 1 3 64, C4<01>;
P_0x55ac5f436de0 .param/l "DIR_NONE" 1 3 63, C4<00>;
P_0x55ac5f436e20 .param/l "DIR_R2L" 1 3 65, C4<10>;
P_0x55ac5f436e60 .param/l "OPENING_TIME" 0 3 21, +C4<00000000000000000000000000000100>;
P_0x55ac5f436ea0 .param/l "S_CLOSED" 1 3 56, C4<0011>;
P_0x55ac5f436ee0 .param/l "S_CLOSING" 1 3 55, C4<0010>;
P_0x55ac5f436f20 .param/l "S_EMERGENCY" 1 3 60, C4<0111>;
P_0x55ac5f436f60 .param/l "S_IDLE" 1 3 53, C4<0000>;
P_0x55ac5f436fa0 .param/l "S_OPENING" 1 3 58, C4<0101>;
P_0x55ac5f436fe0 .param/l "S_SAFETY_HOLD" 1 3 59, C4<0110>;
P_0x55ac5f437020 .param/l "S_TRAIN_PASSING" 1 3 57, C4<0100>;
P_0x55ac5f437060 .param/l "S_WARNING" 1 3 54, C4<0001>;
P_0x55ac5f4370a0 .param/l "TIMER_WIDTH" 0 3 22, +C4<00000000000000000000000000001000>;
P_0x55ac5f4370e0 .param/l "WARNING_TIME" 0 3 19, +C4<00000000000000000000000000000101>;
L_0x55ac5f452b60 .functor BUFZ 4, v0x55ac5f4941c0_0, C4<0000>, C4<0000>, C4<0000>;
L_0x55ac5f449260 .functor BUFZ 8, v0x55ac5f494380_0, C4<00000000>, C4<00000000>, C4<00000000>;
L_0x55ac5f44acb0 .functor BUFZ 2, v0x55ac5f4946c0_0, C4<00>, C4<00>, C4<00>;
L_0x7f1201918060 .functor BUFT 1, C4<00000000000000000000000000000100>, C4<0>, C4<0>, C4<0>;
v0x55ac5f492ef0_0 .net/2u *"_ivl_10", 31 0, L_0x7f1201918060;  1 drivers
v0x55ac5f492ff0_0 .net *"_ivl_14", 31 0, L_0x55ac5f4a6e60;  1 drivers
L_0x7f12019180a8 .functor BUFT 1, C4<000000000000000000000000>, C4<0>, C4<0>, C4<0>;
v0x55ac5f4930d0_0 .net *"_ivl_17", 23 0, L_0x7f12019180a8;  1 drivers
L_0x7f12019180f0 .functor BUFT 1, C4<00000000000000000000000000000011>, C4<0>, C4<0>, C4<0>;
v0x55ac5f493190_0 .net/2u *"_ivl_18", 31 0, L_0x7f12019180f0;  1 drivers
v0x55ac5f493270_0 .net *"_ivl_22", 31 0, L_0x55ac5f4a7120;  1 drivers
L_0x7f1201918138 .functor BUFT 1, C4<000000000000000000000000>, C4<0>, C4<0>, C4<0>;
v0x55ac5f4933a0_0 .net *"_ivl_25", 23 0, L_0x7f1201918138;  1 drivers
L_0x7f1201918180 .functor BUFT 1, C4<00000000000000000000000000000011>, C4<0>, C4<0>, C4<0>;
v0x55ac5f493480_0 .net/2u *"_ivl_26", 31 0, L_0x7f1201918180;  1 drivers
v0x55ac5f493560_0 .net *"_ivl_6", 31 0, L_0x55ac5f496b40;  1 drivers
L_0x7f1201918018 .functor BUFT 1, C4<000000000000000000000000>, C4<0>, C4<0>, C4<0>;
v0x55ac5f493640_0 .net *"_ivl_9", 23 0, L_0x7f1201918018;  1 drivers
v0x55ac5f493720_0 .var "barrier_down", 0 0;
v0x55ac5f4937e0_0 .var "barrier_moving", 0 0;
v0x55ac5f4938a0_0 .var "barrier_up", 0 0;
v0x55ac5f493960_0 .var "buzzer", 0 0;
v0x55ac5f493a20_0 .net "clk", 0 0, v0x55ac5f495d60_0;  1 drivers
v0x55ac5f493ae0_0 .net "close_done", 0 0, L_0x55ac5f4a6f80;  1 drivers
v0x55ac5f493ba0_0 .var "emergency_indicator", 0 0;
v0x55ac5f493c60_0 .net "emergency_override", 0 0, v0x55ac5f495ed0_0;  1 drivers
v0x55ac5f493d20_0 .net "manual_reset", 0 0, v0x55ac5f496040_0;  1 drivers
v0x55ac5f493de0_0 .var "next_state", 3 0;
v0x55ac5f493ec0_0 .net "obstacle_detected", 0 0, v0x55ac5f496110_0;  1 drivers
v0x55ac5f493f80_0 .net "open_done", 0 0, L_0x55ac5f4a7210;  1 drivers
v0x55ac5f494040_0 .var "rail_signal_red", 0 0;
v0x55ac5f494100_0 .net "rst_n", 0 0, v0x55ac5f496350_0;  1 drivers
v0x55ac5f4941c0_0 .var "state", 3 0;
v0x55ac5f4942a0_0 .net "state_out", 3 0, L_0x55ac5f452b60;  alias, 1 drivers
v0x55ac5f494380_0 .var "timer", 7 0;
v0x55ac5f494460_0 .net "timer_out", 7 0, L_0x55ac5f449260;  alias, 1 drivers
v0x55ac5f494540_0 .net "train_approach", 0 0, v0x55ac5f4965c0_0;  1 drivers
v0x55ac5f494600_0 .net "train_departed", 0 0, v0x55ac5f496690_0;  1 drivers
v0x55ac5f4946c0_0 .var "train_dir", 1 0;
v0x55ac5f4947a0_0 .net "train_dir_out", 1 0, L_0x55ac5f44acb0;  alias, 1 drivers
v0x55ac5f494880_0 .net "train_from_left", 0 0, v0x55ac5f496830_0;  1 drivers
v0x55ac5f494940_0 .net "train_from_right", 0 0, v0x55ac5f496900_0;  1 drivers
v0x55ac5f494c10_0 .net "warn_done", 0 0, L_0x55ac5f4a6cf0;  1 drivers
v0x55ac5f494cd0_0 .var "warning_light", 0 0;
E_0x55ac5f406b70 .event anyedge, v0x55ac5f4941c0_0;
E_0x55ac5f40c0d0/0 .event anyedge, v0x55ac5f4941c0_0, v0x55ac5f493c60_0, v0x55ac5f494540_0, v0x55ac5f493ec0_0;
E_0x55ac5f40c0d0/1 .event anyedge, v0x55ac5f494c10_0, v0x55ac5f493ae0_0, v0x55ac5f494600_0, v0x55ac5f493f80_0;
E_0x55ac5f40c0d0/2 .event anyedge, v0x55ac5f493d20_0;
E_0x55ac5f40c0d0 .event/or E_0x55ac5f40c0d0/0, E_0x55ac5f40c0d0/1, E_0x55ac5f40c0d0/2;
E_0x55ac5f407760/0 .event negedge, v0x55ac5f494100_0;
E_0x55ac5f407760/1 .event posedge, v0x55ac5f493a20_0;
E_0x55ac5f407760 .event/or E_0x55ac5f407760/0, E_0x55ac5f407760/1;
L_0x55ac5f496b40 .concat [ 8 24 0 0], v0x55ac5f494380_0, L_0x7f1201918018;
L_0x55ac5f4a6cf0 .cmp/ge 32, L_0x55ac5f496b40, L_0x7f1201918060;
L_0x55ac5f4a6e60 .concat [ 8 24 0 0], v0x55ac5f494380_0, L_0x7f12019180a8;
L_0x55ac5f4a6f80 .cmp/ge 32, L_0x55ac5f4a6e60, L_0x7f12019180f0;
L_0x55ac5f4a7120 .concat [ 8 24 0 0], v0x55ac5f494380_0, L_0x7f1201918138;
L_0x55ac5f4a7210 .cmp/ge 32, L_0x55ac5f4a7120, L_0x7f1201918180;
S_0x55ac5f495090 .scope task, "show_panel" "show_panel" 2 104, 2 104 0, S_0x55ac5f3fd9c0;
 .timescale -9 -12;
TD_tb_railway_crossing_controller.show_panel ;
    %vpi_call 2 106 "$display", "+------------------------------------------+" {0 0 0};
    %vpi_call 2 107 "$display", "|       SMART RAILWAY CROSSING             |" {0 0 0};
    %vpi_call 2 108 "$display", "+------------------------------------------+" {0 0 0};
    %load/vec4 v0x55ac5f496760_0;
    %store/vec4 v0x55ac5f492310_0, 0, 2;
    %callf/vec4 TD_tb_railway_crossing_controller.dir_arrow, S_0x55ac5f492130;
    %vpi_call 2 109 "$display", "| TRAIN:              %0s                 ", S<0,vec4,u64> {1 0 0};
    %load/vec4 v0x55ac5f496420_0;
    %store/vec4 v0x55ac5f492dc0_0, 0, 4;
    %callf/vec4 TD_tb_railway_crossing_controller.state_name, S_0x55ac5f495220;
    %vpi_call 2 110 "$display", "| FSM STATE:          %0s", S<0,vec4,u128> {1 0 0};
    %vpi_call 2 111 "$display", "| TIMER:              %02d", v0x55ac5f4964f0_0 {0 0 0};
    %load/vec4 v0x55ac5f496280_0;
    %flag_set/vec4 8;
    %jmp/0 T_4.19, 8;
    %pushi/vec4 21061, 0, 32; draw_string_vec4
    %pushi/vec4 68, 0, 8; draw_string_vec4
    %concat/vec4; draw_string_vec4
    %jmp/1 T_4.20, 8;
T_4.19 ; End of true expr.
    %pushi/vec4 1196574021, 0, 32; draw_string_vec4
    %pushi/vec4 78, 0, 8; draw_string_vec4
    %concat/vec4; draw_string_vec4
    %jmp/0 T_4.20, 8;
 ; End of false expr.
    %blend;
T_4.20;
    %vpi_call 2 112 "$display", "| RAIL SIGNAL:        %0s", S<0,vec4,u40> {1 0 0};
    %pushi/vec4 0, 0, 1;
    %store/vec4 v0x55ac5f44a150_0, 0, 1;
    %callf/vec4 TD_tb_railway_crossing_controller.barrier_text, S_0x55ac5f41ad20;
    %vpi_call 2 113 "$display", "| BARRIER:            %0s", S<0,vec4,u96> {1 0 0};
    %load/vec4 v0x55ac5f4969d0_0;
    %flag_set/vec4 8;
    %jmp/0 T_4.21, 8;
    %pushi/vec4 20302, 0, 24; draw_string_vec4
    %jmp/1 T_4.22, 8;
T_4.21 ; End of true expr.
    %pushi/vec4 5195334, 0, 24; draw_string_vec4
    %jmp/0 T_4.22, 8;
 ; End of false expr.
    %blend;
T_4.22;
    %vpi_call 2 114 "$display", "| WARNING:            %0s", S<0,vec4,u24> {1 0 0};
    %load/vec4 v0x55ac5f495ba0_0;
    %flag_set/vec4 8;
    %jmp/0 T_4.23, 8;
    %pushi/vec4 20302, 0, 24; draw_string_vec4
    %jmp/1 T_4.24, 8;
T_4.23 ; End of true expr.
    %pushi/vec4 5195334, 0, 24; draw_string_vec4
    %jmp/0 T_4.24, 8;
 ; End of false expr.
    %blend;
T_4.24;
    %vpi_call 2 115 "$display", "| BUZZER:             %0s", S<0,vec4,u24> {1 0 0};
    %load/vec4 v0x55ac5f496110_0;
    %flag_set/vec4 8;
    %jmp/0 T_4.25, 8;
    %pushi/vec4 1145394245, 0, 32; draw_string_vec4
    %pushi/vec4 1129596228, 0, 32; draw_string_vec4
    %concat/vec4; draw_string_vec4
    %jmp/1 T_4.26, 8;
T_4.25 ; End of true expr.
    %pushi/vec4 67, 0, 32; draw_string_vec4
    %pushi/vec4 1279607122, 0, 32; draw_string_vec4
    %concat/vec4; draw_string_vec4
    %jmp/0 T_4.26, 8;
 ; End of false expr.
    %blend;
T_4.26;
    %vpi_call 2 116 "$display", "| OBSTACLE:           %0s", S<0,vec4,u64> {1 0 0};
    %load/vec4 v0x55ac5f495e00_0;
    %flag_set/vec4 8;
    %jmp/0 T_4.27, 8;
    %pushi/vec4 1094931529, 0, 32; draw_string_vec4
    %pushi/vec4 22085, 0, 16; draw_string_vec4
    %concat/vec4; draw_string_vec4
    %jmp/1 T_4.28, 8;
T_4.27 ; End of true expr.
    %pushi/vec4 79, 0, 32; draw_string_vec4
    %pushi/vec4 17990, 0, 16; draw_string_vec4
    %concat/vec4; draw_string_vec4
    %jmp/0 T_4.28, 8;
 ; End of false expr.
    %blend;
T_4.28;
    %vpi_call 2 117 "$display", "| EMERGENCY:          %0s", S<0,vec4,u48> {1 0 0};
    %vpi_call 2 118 "$display", "+------------------------------------------+" {0 0 0};
    %load/vec4 v0x55ac5f496420_0;
    %cmpi/e 6, 0, 4;
    %jmp/0xz  T_4.29, 4;
    %vpi_call 2 120 "$display", "!!! SAFETY HOLD !!!" {0 0 0};
    %vpi_call 2 121 "$display", "OBSTACLE DETECTED" {0 0 0};
    %vpi_call 2 122 "$display", "BARRIER MOVEMENT STOPPED" {0 0 0};
T_4.29 ;
    %load/vec4 v0x55ac5f496420_0;
    %cmpi/e 7, 0, 4;
    %jmp/0xz  T_4.31, 4;
    %vpi_call 2 125 "$display", "!!! EMERGENCY !!!" {0 0 0};
    %vpi_call 2 126 "$display", "EMERGENCY OVERRIDE ACTIVE" {0 0 0};
    %vpi_call 2 127 "$display", "RAIL SIGNAL: RED" {0 0 0};
T_4.31 ;
    %vpi_call 2 129 "$display", "\000" {0 0 0};
    %end;
S_0x55ac5f495220 .scope function.vec4.s128, "state_name" "state_name" 2 64, 2 64 0, S_0x55ac5f3fd9c0;
 .timescale -9 -12;
v0x55ac5f492dc0_0 .var "s", 3 0;
; Variable state_name is vec4 return value of scope S_0x55ac5f495220
TD_tb_railway_crossing_controller.state_name ;
    %load/vec4 v0x55ac5f492dc0_0;
    %dup/vec4;
    %pushi/vec4 0, 0, 4;
    %cmp/u;
    %jmp/1 T_5.33, 6;
    %dup/vec4;
    %pushi/vec4 1, 0, 4;
    %cmp/u;
    %jmp/1 T_5.34, 6;
    %dup/vec4;
    %pushi/vec4 2, 0, 4;
    %cmp/u;
    %jmp/1 T_5.35, 6;
    %dup/vec4;
    %pushi/vec4 3, 0, 4;
    %cmp/u;
    %jmp/1 T_5.36, 6;
    %dup/vec4;
    %pushi/vec4 4, 0, 4;
    %cmp/u;
    %jmp/1 T_5.37, 6;
    %dup/vec4;
    %pushi/vec4 5, 0, 4;
    %cmp/u;
    %jmp/1 T_5.38, 6;
    %dup/vec4;
    %pushi/vec4 6, 0, 4;
    %cmp/u;
    %jmp/1 T_5.39, 6;
    %dup/vec4;
    %pushi/vec4 7, 0, 4;
    %cmp/u;
    %jmp/1 T_5.40, 6;
    %pushi/vec4 0, 0, 32; draw_string_vec4
    %pushi/vec4 0, 0, 32; draw_string_vec4
    %concat/vec4; draw_string_vec4
    %pushi/vec4 5590603, 0, 32; draw_string_vec4
    %concat/vec4; draw_string_vec4
    %pushi/vec4 1313822542, 0, 32; draw_string_vec4
    %concat/vec4; draw_string_vec4
    %ret/vec4 0, 0, 128;  Assign to state_name (store_vec4_to_lval)
    %jmp T_5.42;
T_5.33 ;
    %pushi/vec4 0, 0, 32; draw_string_vec4
    %pushi/vec4 0, 0, 32; draw_string_vec4
    %concat/vec4; draw_string_vec4
    %pushi/vec4 0, 0, 32; draw_string_vec4
    %concat/vec4; draw_string_vec4
    %pushi/vec4 1229212741, 0, 32; draw_string_vec4
    %concat/vec4; draw_string_vec4
    %ret/vec4 0, 0, 128;  Assign to state_name (store_vec4_to_lval)
    %jmp T_5.42;
T_5.34 ;
    %pushi/vec4 0, 0, 32; draw_string_vec4
    %pushi/vec4 0, 0, 32; draw_string_vec4
    %concat/vec4; draw_string_vec4
    %pushi/vec4 5718354, 0, 32; draw_string_vec4
    %concat/vec4; draw_string_vec4
    %pushi/vec4 1313427015, 0, 32; draw_string_vec4
    %concat/vec4; draw_string_vec4
    %ret/vec4 0, 0, 128;  Assign to state_name (store_vec4_to_lval)
    %jmp T_5.42;
T_5.35 ;
    %pushi/vec4 0, 0, 32; draw_string_vec4
    %pushi/vec4 0, 0, 32; draw_string_vec4
    %concat/vec4; draw_string_vec4
    %pushi/vec4 4410447, 0, 32; draw_string_vec4
    %concat/vec4; draw_string_vec4
    %pushi/vec4 1397313095, 0, 32; draw_string_vec4
    %concat/vec4; draw_string_vec4
    %ret/vec4 0, 0, 128;  Assign to state_name (store_vec4_to_lval)
    %jmp T_5.42;
T_5.36 ;
    %pushi/vec4 0, 0, 32; draw_string_vec4
    %pushi/vec4 0, 0, 32; draw_string_vec4
    %concat/vec4; draw_string_vec4
    %pushi/vec4 17228, 0, 32; draw_string_vec4
    %concat/vec4; draw_string_vec4
    %pushi/vec4 1330857284, 0, 32; draw_string_vec4
    %concat/vec4; draw_string_vec4
    %ret/vec4 0, 0, 128;  Assign to state_name (store_vec4_to_lval)
    %jmp T_5.42;
T_5.37 ;
    %pushi/vec4 84, 0, 32; draw_string_vec4
    %pushi/vec4 1380010318, 0, 32; draw_string_vec4
    %concat/vec4; draw_string_vec4
    %pushi/vec4 1599095123, 0, 32; draw_string_vec4
    %concat/vec4; draw_string_vec4
    %pushi/vec4 1397313095, 0, 32; draw_string_vec4
    %concat/vec4; draw_string_vec4
    %ret/vec4 0, 0, 128;  Assign to state_name (store_vec4_to_lval)
    %jmp T_5.42;
T_5.38 ;
    %pushi/vec4 0, 0, 32; draw_string_vec4
    %pushi/vec4 0, 0, 32; draw_string_vec4
    %concat/vec4; draw_string_vec4
    %pushi/vec4 5197893, 0, 32; draw_string_vec4
    %concat/vec4; draw_string_vec4
    %pushi/vec4 1313427015, 0, 32; draw_string_vec4
    %concat/vec4; draw_string_vec4
    %ret/vec4 0, 0, 128;  Assign to state_name (store_vec4_to_lval)
    %jmp T_5.42;
T_5.39 ;
    %pushi/vec4 0, 0, 32; draw_string_vec4
    %pushi/vec4 5456198, 0, 32; draw_string_vec4
    %concat/vec4; draw_string_vec4
    %pushi/vec4 1163155807, 0, 32; draw_string_vec4
    %concat/vec4; draw_string_vec4
    %pushi/vec4 1213156420, 0, 32; draw_string_vec4
    %concat/vec4; draw_string_vec4
    %ret/vec4 0, 0, 128;  Assign to state_name (store_vec4_to_lval)
    %jmp T_5.42;
T_5.40 ;
    %pushi/vec4 0, 0, 32; draw_string_vec4
    %pushi/vec4 69, 0, 32; draw_string_vec4
    %concat/vec4; draw_string_vec4
    %pushi/vec4 1296388679, 0, 32; draw_string_vec4
    %concat/vec4; draw_string_vec4
    %pushi/vec4 1162756953, 0, 32; draw_string_vec4
    %concat/vec4; draw_string_vec4
    %ret/vec4 0, 0, 128;  Assign to state_name (store_vec4_to_lval)
    %jmp T_5.42;
T_5.42 ;
    %pop/vec4 1;
    %end;
S_0x55ac5f495540 .scope task, "tick" "tick" 2 163, 2 163 0, S_0x55ac5f3fd9c0;
 .timescale -9 -12;
v0x55ac5f495760_0 .var/i "i", 31 0;
v0x55ac5f495860_0 .var/i "n", 31 0;
E_0x55ac5f43e800 .event posedge, v0x55ac5f493a20_0;
TD_tb_railway_crossing_controller.tick ;
    %pushi/vec4 0, 0, 32;
    %store/vec4 v0x55ac5f495760_0, 0, 32;
T_6.43 ;
    %load/vec4 v0x55ac5f495760_0;
    %load/vec4 v0x55ac5f495860_0;
    %cmp/s;
    %jmp/0xz T_6.44, 5;
    %wait E_0x55ac5f43e800;
    %load/vec4 v0x55ac5f495760_0;
    %addi 1, 0, 32;
    %store/vec4 v0x55ac5f495760_0, 0, 32;
    %jmp T_6.43;
T_6.44 ;
    %delay 1000, 0;
    %end;
    .scope S_0x55ac5f4924f0;
T_7 ;
    %wait E_0x55ac5f407760;
    %load/vec4 v0x55ac5f494100_0;
    %nor/r;
    %flag_set/vec4 8;
    %jmp/0xz  T_7.0, 8;
    %pushi/vec4 0, 0, 4;
    %assign/vec4 v0x55ac5f4941c0_0, 0;
    %jmp T_7.1;
T_7.0 ;
    %load/vec4 v0x55ac5f493de0_0;
    %assign/vec4 v0x55ac5f4941c0_0, 0;
T_7.1 ;
    %jmp T_7;
    .thread T_7;
    .scope S_0x55ac5f4924f0;
T_8 ;
    %wait E_0x55ac5f407760;
    %load/vec4 v0x55ac5f494100_0;
    %nor/r;
    %flag_set/vec4 8;
    %jmp/0xz  T_8.0, 8;
    %pushi/vec4 0, 0, 8;
    %assign/vec4 v0x55ac5f494380_0, 0;
    %jmp T_8.1;
T_8.0 ;
    %load/vec4 v0x55ac5f493de0_0;
    %load/vec4 v0x55ac5f4941c0_0;
    %cmp/ne;
    %jmp/0xz  T_8.2, 4;
    %pushi/vec4 0, 0, 8;
    %assign/vec4 v0x55ac5f494380_0, 0;
    %jmp T_8.3;
T_8.2 ;
    %load/vec4 v0x55ac5f494380_0;
    %cmpi/ne 255, 0, 8;
    %jmp/0xz  T_8.4, 4;
    %load/vec4 v0x55ac5f494380_0;
    %addi 1, 0, 8;
    %assign/vec4 v0x55ac5f494380_0, 0;
T_8.4 ;
T_8.3 ;
T_8.1 ;
    %jmp T_8;
    .thread T_8;
    .scope S_0x55ac5f4924f0;
T_9 ;
    %wait E_0x55ac5f407760;
    %load/vec4 v0x55ac5f494100_0;
    %nor/r;
    %flag_set/vec4 8;
    %jmp/0xz  T_9.0, 8;
    %pushi/vec4 0, 0, 2;
    %assign/vec4 v0x55ac5f4946c0_0, 0;
    %jmp T_9.1;
T_9.0 ;
    %load/vec4 v0x55ac5f494880_0;
    %load/vec4 v0x55ac5f494940_0;
    %concat/vec4; draw_concat_vec4
    %dup/vec4;
    %pushi/vec4 2, 0, 2;
    %cmp/u;
    %jmp/1 T_9.2, 6;
    %dup/vec4;
    %pushi/vec4 1, 0, 2;
    %cmp/u;
    %jmp/1 T_9.3, 6;
    %dup/vec4;
    %pushi/vec4 3, 0, 2;
    %cmp/u;
    %jmp/1 T_9.4, 6;
    %load/vec4 v0x55ac5f4941c0_0;
    %cmpi/e 0, 0, 4;
    %flag_get/vec4 4;
    %jmp/0 T_9.9, 4;
    %load/vec4 v0x55ac5f494540_0;
    %nor/r;
    %and;
T_9.9;
    %flag_set/vec4 8;
    %jmp/0xz  T_9.7, 8;
    %pushi/vec4 0, 0, 2;
    %assign/vec4 v0x55ac5f4946c0_0, 0;
T_9.7 ;
    %jmp T_9.6;
T_9.2 ;
    %pushi/vec4 1, 0, 2;
    %assign/vec4 v0x55ac5f4946c0_0, 0;
    %jmp T_9.6;
T_9.3 ;
    %pushi/vec4 2, 0, 2;
    %assign/vec4 v0x55ac5f4946c0_0, 0;
    %jmp T_9.6;
T_9.4 ;
    %pushi/vec4 3, 0, 2;
    %assign/vec4 v0x55ac5f4946c0_0, 0;
    %jmp T_9.6;
T_9.6 ;
    %pop/vec4 1;
T_9.1 ;
    %jmp T_9;
    .thread T_9;
    .scope S_0x55ac5f4924f0;
T_10 ;
    %wait E_0x55ac5f40c0d0;
    %load/vec4 v0x55ac5f4941c0_0;
    %store/vec4 v0x55ac5f493de0_0, 0, 4;
    %load/vec4 v0x55ac5f493c60_0;
    %flag_set/vec4 8;
    %jmp/0xz  T_10.0, 8;
    %pushi/vec4 7, 0, 4;
    %store/vec4 v0x55ac5f493de0_0, 0, 4;
    %jmp T_10.1;
T_10.0 ;
    %load/vec4 v0x55ac5f4941c0_0;
    %dup/vec4;
    %pushi/vec4 0, 0, 4;
    %cmp/u;
    %jmp/1 T_10.2, 6;
    %dup/vec4;
    %pushi/vec4 1, 0, 4;
    %cmp/u;
    %jmp/1 T_10.3, 6;
    %dup/vec4;
    %pushi/vec4 2, 0, 4;
    %cmp/u;
    %jmp/1 T_10.4, 6;
    %dup/vec4;
    %pushi/vec4 3, 0, 4;
    %cmp/u;
    %jmp/1 T_10.5, 6;
    %dup/vec4;
    %pushi/vec4 4, 0, 4;
    %cmp/u;
    %jmp/1 T_10.6, 6;
    %dup/vec4;
    %pushi/vec4 5, 0, 4;
    %cmp/u;
    %jmp/1 T_10.7, 6;
    %dup/vec4;
    %pushi/vec4 6, 0, 4;
    %cmp/u;
    %jmp/1 T_10.8, 6;
    %dup/vec4;
    %pushi/vec4 7, 0, 4;
    %cmp/u;
    %jmp/1 T_10.9, 6;
    %pushi/vec4 0, 0, 4;
    %store/vec4 v0x55ac5f493de0_0, 0, 4;
    %jmp T_10.11;
T_10.2 ;
    %load/vec4 v0x55ac5f494540_0;
    %flag_set/vec4 8;
    %jmp/0xz  T_10.12, 8;
    %pushi/vec4 1, 0, 4;
    %store/vec4 v0x55ac5f493de0_0, 0, 4;
T_10.12 ;
    %jmp T_10.11;
T_10.3 ;
    %load/vec4 v0x55ac5f493ec0_0;
    %flag_set/vec4 8;
    %jmp/0xz  T_10.14, 8;
    %pushi/vec4 6, 0, 4;
    %store/vec4 v0x55ac5f493de0_0, 0, 4;
    %jmp T_10.15;
T_10.14 ;
    %load/vec4 v0x55ac5f494c10_0;
    %flag_set/vec4 8;
    %jmp/0xz  T_10.16, 8;
    %pushi/vec4 2, 0, 4;
    %store/vec4 v0x55ac5f493de0_0, 0, 4;
T_10.16 ;
T_10.15 ;
    %jmp T_10.11;
T_10.4 ;
    %load/vec4 v0x55ac5f493ec0_0;
    %flag_set/vec4 8;
    %jmp/0xz  T_10.18, 8;
    %pushi/vec4 6, 0, 4;
    %store/vec4 v0x55ac5f493de0_0, 0, 4;
    %jmp T_10.19;
T_10.18 ;
    %load/vec4 v0x55ac5f493ae0_0;
    %flag_set/vec4 8;
    %jmp/0xz  T_10.20, 8;
    %pushi/vec4 3, 0, 4;
    %store/vec4 v0x55ac5f493de0_0, 0, 4;
T_10.20 ;
T_10.19 ;
    %jmp T_10.11;
T_10.5 ;
    %pushi/vec4 4, 0, 4;
    %store/vec4 v0x55ac5f493de0_0, 0, 4;
    %jmp T_10.11;
T_10.6 ;
    %load/vec4 v0x55ac5f494600_0;
    %flag_set/vec4 8;
    %jmp/0xz  T_10.22, 8;
    %pushi/vec4 5, 0, 4;
    %store/vec4 v0x55ac5f493de0_0, 0, 4;
T_10.22 ;
    %jmp T_10.11;
T_10.7 ;
    %load/vec4 v0x55ac5f494540_0;
    %flag_set/vec4 8;
    %jmp/0xz  T_10.24, 8;
    %pushi/vec4 1, 0, 4;
    %store/vec4 v0x55ac5f493de0_0, 0, 4;
    %jmp T_10.25;
T_10.24 ;
    %load/vec4 v0x55ac5f493f80_0;
    %flag_set/vec4 8;
    %jmp/0xz  T_10.26, 8;
    %pushi/vec4 0, 0, 4;
    %store/vec4 v0x55ac5f493de0_0, 0, 4;
T_10.26 ;
T_10.25 ;
    %jmp T_10.11;
T_10.8 ;
    %load/vec4 v0x55ac5f493ec0_0;
    %nor/r;
    %flag_set/vec4 8;
    %jmp/0xz  T_10.28, 8;
    %pushi/vec4 2, 0, 4;
    %store/vec4 v0x55ac5f493de0_0, 0, 4;
T_10.28 ;
    %jmp T_10.11;
T_10.9 ;
    %load/vec4 v0x55ac5f493d20_0;
    %flag_set/vec4 8;
    %jmp/0xz  T_10.30, 8;
    %pushi/vec4 5, 0, 4;
    %store/vec4 v0x55ac5f493de0_0, 0, 4;
T_10.30 ;
    %jmp T_10.11;
T_10.11 ;
    %pop/vec4 1;
T_10.1 ;
    %jmp T_10;
    .thread T_10, $push;
    .scope S_0x55ac5f4924f0;
T_11 ;
    %wait E_0x55ac5f406b70;
    %pushi/vec4 0, 0, 1;
    %store/vec4 v0x55ac5f494cd0_0, 0, 1;
    %pushi/vec4 0, 0, 1;
    %store/vec4 v0x55ac5f493960_0, 0, 1;
    %pushi/vec4 0, 0, 1;
    %store/vec4 v0x55ac5f494040_0, 0, 1;
    %pushi/vec4 0, 0, 1;
    %store/vec4 v0x55ac5f4938a0_0, 0, 1;
    %pushi/vec4 0, 0, 1;
    %store/vec4 v0x55ac5f493720_0, 0, 1;
    %pushi/vec4 0, 0, 1;
    %store/vec4 v0x55ac5f4937e0_0, 0, 1;
    %pushi/vec4 0, 0, 1;
    %store/vec4 v0x55ac5f493ba0_0, 0, 1;
    %load/vec4 v0x55ac5f4941c0_0;
    %dup/vec4;
    %pushi/vec4 0, 0, 4;
    %cmp/u;
    %jmp/1 T_11.0, 6;
    %dup/vec4;
    %pushi/vec4 1, 0, 4;
    %cmp/u;
    %jmp/1 T_11.1, 6;
    %dup/vec4;
    %pushi/vec4 2, 0, 4;
    %cmp/u;
    %jmp/1 T_11.2, 6;
    %dup/vec4;
    %pushi/vec4 3, 0, 4;
    %cmp/u;
    %jmp/1 T_11.3, 6;
    %dup/vec4;
    %pushi/vec4 4, 0, 4;
    %cmp/u;
    %jmp/1 T_11.4, 6;
    %dup/vec4;
    %pushi/vec4 5, 0, 4;
    %cmp/u;
    %jmp/1 T_11.5, 6;
    %dup/vec4;
    %pushi/vec4 6, 0, 4;
    %cmp/u;
    %jmp/1 T_11.6, 6;
    %dup/vec4;
    %pushi/vec4 7, 0, 4;
    %cmp/u;
    %jmp/1 T_11.7, 6;
    %pushi/vec4 1, 0, 1;
    %store/vec4 v0x55ac5f494040_0, 0, 1;
    %jmp T_11.9;
T_11.0 ;
    %pushi/vec4 1, 0, 1;
    %store/vec4 v0x55ac5f4938a0_0, 0, 1;
    %jmp T_11.9;
T_11.1 ;
    %pushi/vec4 1, 0, 1;
    %store/vec4 v0x55ac5f494040_0, 0, 1;
    %pushi/vec4 1, 0, 1;
    %store/vec4 v0x55ac5f494cd0_0, 0, 1;
    %pushi/vec4 1, 0, 1;
    %store/vec4 v0x55ac5f493960_0, 0, 1;
    %pushi/vec4 1, 0, 1;
    %store/vec4 v0x55ac5f4938a0_0, 0, 1;
    %jmp T_11.9;
T_11.2 ;
    %pushi/vec4 1, 0, 1;
    %store/vec4 v0x55ac5f494040_0, 0, 1;
    %pushi/vec4 1, 0, 1;
    %store/vec4 v0x55ac5f494cd0_0, 0, 1;
    %pushi/vec4 1, 0, 1;
    %store/vec4 v0x55ac5f493960_0, 0, 1;
    %pushi/vec4 1, 0, 1;
    %store/vec4 v0x55ac5f493720_0, 0, 1;
    %pushi/vec4 1, 0, 1;
    %store/vec4 v0x55ac5f4937e0_0, 0, 1;
    %jmp T_11.9;
T_11.3 ;
    %pushi/vec4 1, 0, 1;
    %store/vec4 v0x55ac5f494040_0, 0, 1;
    %pushi/vec4 1, 0, 1;
    %store/vec4 v0x55ac5f494cd0_0, 0, 1;
    %pushi/vec4 1, 0, 1;
    %store/vec4 v0x55ac5f493960_0, 0, 1;
    %pushi/vec4 1, 0, 1;
    %store/vec4 v0x55ac5f493720_0, 0, 1;
    %jmp T_11.9;
T_11.4 ;
    %pushi/vec4 1, 0, 1;
    %store/vec4 v0x55ac5f494040_0, 0, 1;
    %pushi/vec4 1, 0, 1;
    %store/vec4 v0x55ac5f494cd0_0, 0, 1;
    %pushi/vec4 1, 0, 1;
    %store/vec4 v0x55ac5f493720_0, 0, 1;
    %jmp T_11.9;
T_11.5 ;
    %pushi/vec4 1, 0, 1;
    %store/vec4 v0x55ac5f494040_0, 0, 1;
    %pushi/vec4 1, 0, 1;
    %store/vec4 v0x55ac5f494cd0_0, 0, 1;
    %pushi/vec4 1, 0, 1;
    %store/vec4 v0x55ac5f4938a0_0, 0, 1;
    %pushi/vec4 1, 0, 1;
    %store/vec4 v0x55ac5f4937e0_0, 0, 1;
    %jmp T_11.9;
T_11.6 ;
    %pushi/vec4 1, 0, 1;
    %store/vec4 v0x55ac5f494040_0, 0, 1;
    %pushi/vec4 1, 0, 1;
    %store/vec4 v0x55ac5f494cd0_0, 0, 1;
    %pushi/vec4 1, 0, 1;
    %store/vec4 v0x55ac5f493960_0, 0, 1;
    %jmp T_11.9;
T_11.7 ;
    %pushi/vec4 1, 0, 1;
    %store/vec4 v0x55ac5f494040_0, 0, 1;
    %pushi/vec4 1, 0, 1;
    %store/vec4 v0x55ac5f494cd0_0, 0, 1;
    %pushi/vec4 1, 0, 1;
    %store/vec4 v0x55ac5f493960_0, 0, 1;
    %pushi/vec4 1, 0, 1;
    %store/vec4 v0x55ac5f493ba0_0, 0, 1;
    %pushi/vec4 1, 0, 1;
    %store/vec4 v0x55ac5f4938a0_0, 0, 1;
    %pushi/vec4 1, 0, 1;
    %store/vec4 v0x55ac5f4937e0_0, 0, 1;
    %jmp T_11.9;
T_11.9 ;
    %pop/vec4 1;
    %jmp T_11;
    .thread T_11, $push;
    .scope S_0x55ac5f3fd9c0;
T_12 ;
    %pushi/vec4 0, 0, 32;
    %store/vec4 v0x55ac5f495fa0_0, 0, 32;
    %pushi/vec4 0, 0, 32;
    %store/vec4 v0x55ac5f495c70_0, 0, 32;
    %end;
    .thread T_12;
    .scope S_0x55ac5f3fd9c0;
T_13 ;
    %pushi/vec4 0, 0, 1;
    %store/vec4 v0x55ac5f495d60_0, 0, 1;
    %end;
    .thread T_13;
    .scope S_0x55ac5f3fd9c0;
T_14 ;
    %delay 5000, 0;
    %load/vec4 v0x55ac5f495d60_0;
    %inv;
    %store/vec4 v0x55ac5f495d60_0, 0, 1;
    %jmp T_14;
    .thread T_14;
    .scope S_0x55ac5f3fd9c0;
T_15 ;
    %wait E_0x55ac5f43e800;
    %load/vec4 v0x55ac5f496420_0;
    %load/vec4 v0x55ac5f4961e0_0;
    %cmp/ne;
    %jmp/0xz  T_15.0, 6;
    %load/vec4 v0x55ac5f4961e0_0;
    %store/vec4 v0x55ac5f492dc0_0, 0, 4;
    %callf/vec4 TD_tb_railway_crossing_controller.state_name, S_0x55ac5f495220;
    %load/vec4 v0x55ac5f496420_0;
    %store/vec4 v0x55ac5f492dc0_0, 0, 4;
    %callf/vec4 TD_tb_railway_crossing_controller.state_name, S_0x55ac5f495220;
    %vpi_call 2 176 "$display", ">>> TRANSITION: %0s -> %0s at t=%0t", S<1,vec4,u128>, S<0,vec4,u128>, $time {2 0 0};
    %load/vec4 v0x55ac5f496420_0;
    %assign/vec4 v0x55ac5f4961e0_0, 0;
T_15.0 ;
    %jmp T_15;
    .thread T_15;
    .scope S_0x55ac5f3fd9c0;
T_16 ;
    %vpi_call 2 184 "$dumpfile", "sim/railway_crossing.vcd" {0 0 0};
    %vpi_call 2 185 "$dumpvars", 32'sb00000000000000000000000000000000, S_0x55ac5f3fd9c0 {0 0 0};
    %pushi/vec4 15, 0, 4;
    %store/vec4 v0x55ac5f4961e0_0, 0, 4;
    %pushi/vec4 0, 0, 1;
    %store/vec4 v0x55ac5f4965c0_0, 0, 1;
    %pushi/vec4 0, 0, 1;
    %store/vec4 v0x55ac5f496830_0, 0, 1;
    %pushi/vec4 0, 0, 1;
    %store/vec4 v0x55ac5f496900_0, 0, 1;
    %pushi/vec4 0, 0, 1;
    %store/vec4 v0x55ac5f496690_0, 0, 1;
    %pushi/vec4 0, 0, 1;
    %store/vec4 v0x55ac5f496110_0, 0, 1;
    %pushi/vec4 0, 0, 1;
    %store/vec4 v0x55ac5f495ed0_0, 0, 1;
    %pushi/vec4 0, 0, 1;
    %store/vec4 v0x55ac5f496040_0, 0, 1;
    %pushi/vec4 0, 0, 1;
    %store/vec4 v0x55ac5f496350_0, 0, 1;
    %vpi_call 2 197 "$display", "============================================" {0 0 0};
    %vpi_call 2 198 "$display", "SMART RAILWAY CROSSING SIMULATION" {0 0 0};
    %vpi_call 2 199 "$display", "============================================" {0 0 0};
    %vpi_call 2 200 "$display", "\000" {0 0 0};
    %vpi_call 2 203 "$display", "--- TEST 1: RESET ---" {0 0 0};
    %pushi/vec4 2, 0, 32;
    %store/vec4 v0x55ac5f495860_0, 0, 32;
    %fork TD_tb_railway_crossing_controller.tick, S_0x55ac5f495540;
    %join;
    %pushi/vec4 1, 0, 1;
    %store/vec4 v0x55ac5f496350_0, 0, 1;
    %pushi/vec4 1, 0, 32;
    %store/vec4 v0x55ac5f495860_0, 0, 32;
    %fork TD_tb_railway_crossing_controller.tick, S_0x55ac5f495540;
    %join;
    %pushi/vec4 0, 0, 4;
    %store/vec4 v0x55ac5f3ccd00_0, 0, 4;
    %pushi/vec4 0, 0, 32; draw_string_vec4
    %pushi/vec4 0, 0, 32; draw_string_vec4
    %concat/vec4; draw_string_vec4
    %pushi/vec4 0, 0, 32; draw_string_vec4
    %concat/vec4; draw_string_vec4
    %pushi/vec4 0, 0, 32; draw_string_vec4
    %concat/vec4; draw_string_vec4
    %pushi/vec4 82, 0, 32; draw_string_vec4
    %concat/vec4; draw_string_vec4
    %pushi/vec4 1163085140, 0, 32; draw_string_vec4
    %concat/vec4; draw_string_vec4
    %pushi/vec4 539835936, 0, 32; draw_string_vec4
    %concat/vec4; draw_string_vec4
    %pushi/vec4 1229212741, 0, 32; draw_string_vec4
    %concat/vec4; draw_string_vec4
    %store/vec4 v0x55ac5f492050_0, 0, 256;
    %fork TD_tb_railway_crossing_controller.check_state, S_0x55ac5f491e30;
    %join;
    %load/vec4 v0x55ac5f495aa0_0;
    %store/vec4 v0x55ac5f44aef0_0, 0, 1;
    %pushi/vec4 1, 0, 1;
    %store/vec4 v0x55ac5f44a250_0, 0, 1;
    %pushi/vec4 0, 0, 32; draw_string_vec4
    %pushi/vec4 0, 0, 32; draw_string_vec4
    %concat/vec4; draw_string_vec4
    %pushi/vec4 0, 0, 32; draw_string_vec4
    %concat/vec4; draw_string_vec4
    %pushi/vec4 16961, 0, 32; draw_string_vec4
    %concat/vec4; draw_string_vec4
    %pushi/vec4 1381124421, 0, 32; draw_string_vec4
    %concat/vec4; draw_string_vec4
    %pushi/vec4 1377850704, 0, 32; draw_string_vec4
    %concat/vec4; draw_string_vec4
    %pushi/vec4 543780384, 0, 32; draw_string_vec4
    %concat/vec4; draw_string_vec4
    %pushi/vec4 1229212741, 0, 32; draw_string_vec4
    %concat/vec4; draw_string_vec4
    %store/vec4 v0x55ac5f44ae50_0, 0, 256;
    %fork TD_tb_railway_crossing_controller.check_bit, S_0x55ac5f491bd0;
    %join;
    %load/vec4 v0x55ac5f496280_0;
    %store/vec4 v0x55ac5f44aef0_0, 0, 1;
    %pushi/vec4 0, 0, 1;
    %store/vec4 v0x55ac5f44a250_0, 0, 1;
    %pushi/vec4 0, 0, 32; draw_string_vec4
    %pushi/vec4 82, 0, 32; draw_string_vec4
    %concat/vec4; draw_string_vec4
    %pushi/vec4 1095322656, 0, 32; draw_string_vec4
    %concat/vec4; draw_string_vec4
    %pushi/vec4 1397311310, 0, 32; draw_string_vec4
    %concat/vec4; draw_string_vec4
    %pushi/vec4 1095508039, 0, 32; draw_string_vec4
    %concat/vec4; draw_string_vec4
    %pushi/vec4 1380271438, 0, 32; draw_string_vec4
    %concat/vec4; draw_string_vec4
    %pushi/vec4 543780384, 0, 32; draw_string_vec4
    %concat/vec4; draw_string_vec4
    %pushi/vec4 1229212741, 0, 32; draw_string_vec4
    %concat/vec4; draw_string_vec4
    %store/vec4 v0x55ac5f44ae50_0, 0, 256;
    %fork TD_tb_railway_crossing_controller.check_bit, S_0x55ac5f491bd0;
    %join;
    %load/vec4 v0x55ac5f495ba0_0;
    %store/vec4 v0x55ac5f44aef0_0, 0, 1;
    %pushi/vec4 0, 0, 1;
    %store/vec4 v0x55ac5f44a250_0, 0, 1;
    %pushi/vec4 0, 0, 32; draw_string_vec4
    %pushi/vec4 0, 0, 32; draw_string_vec4
    %concat/vec4; draw_string_vec4
    %pushi/vec4 0, 0, 32; draw_string_vec4
    %concat/vec4; draw_string_vec4
    %pushi/vec4 16981, 0, 32; draw_string_vec4
    %concat/vec4; draw_string_vec4
    %pushi/vec4 1515865426, 0, 32; draw_string_vec4
    %concat/vec4; draw_string_vec4
    %pushi/vec4 542066246, 0, 32; draw_string_vec4
    %concat/vec4; draw_string_vec4
    %pushi/vec4 543780384, 0, 32; draw_string_vec4
    %concat/vec4; draw_string_vec4
    %pushi/vec4 1229212741, 0, 32; draw_string_vec4
    %concat/vec4; draw_string_vec4
    %store/vec4 v0x55ac5f44ae50_0, 0, 256;
    %fork TD_tb_railway_crossing_controller.check_bit, S_0x55ac5f491bd0;
    %join;
    %fork TD_tb_railway_crossing_controller.show_panel, S_0x55ac5f495090;
    %join;
    %vpi_call 2 214 "$display", "--- TEST 2: NORMAL OPERATION, TRAIN FROM LEFT ---" {0 0 0};
    %pushi/vec4 1, 0, 1;
    %store/vec4 v0x55ac5f4965c0_0, 0, 1;
    %pushi/vec4 1, 0, 1;
    %store/vec4 v0x55ac5f496830_0, 0, 1;
    %pushi/vec4 1, 0, 32;
    %store/vec4 v0x55ac5f495860_0, 0, 32;
    %fork TD_tb_railway_crossing_controller.tick, S_0x55ac5f495540;
    %join;
    %pushi/vec4 1, 0, 4;
    %store/vec4 v0x55ac5f3ccd00_0, 0, 4;
    %pushi/vec4 0, 0, 32; draw_string_vec4
    %pushi/vec4 0, 0, 32; draw_string_vec4
    %concat/vec4; draw_string_vec4
    %pushi/vec4 5526081, 0, 32; draw_string_vec4
    %concat/vec4; draw_string_vec4
    %pushi/vec4 1229856833, 0, 32; draw_string_vec4
    %concat/vec4; draw_string_vec4
    %pushi/vec4 1347441231, 0, 32; draw_string_vec4
    %concat/vec4; draw_string_vec4
    %pushi/vec4 1094928416, 0, 32; draw_string_vec4
    %concat/vec4; draw_string_vec4
    %pushi/vec4 1145394245, 0, 32; draw_string_vec4
    %concat/vec4; draw_string_vec4
    %pushi/vec4 1129596228, 0, 32; draw_string_vec4
    %concat/vec4; draw_string_vec4
    %store/vec4 v0x55ac5f492050_0, 0, 256;
    %fork TD_tb_railway_crossing_controller.check_state, S_0x55ac5f491e30;
    %join;
    %load/vec4 v0x55ac5f496280_0;
    %store/vec4 v0x55ac5f44aef0_0, 0, 1;
    %pushi/vec4 1, 0, 1;
    %store/vec4 v0x55ac5f44a250_0, 0, 1;
    %pushi/vec4 0, 0, 32; draw_string_vec4
    %pushi/vec4 21057, 0, 32; draw_string_vec4
    %concat/vec4; draw_string_vec4
    %pushi/vec4 1229725779, 0, 32; draw_string_vec4
    %concat/vec4; draw_string_vec4
    %pushi/vec4 1229409857, 0, 32; draw_string_vec4
    %concat/vec4; draw_string_vec4
    %pushi/vec4 1277186629, 0, 32; draw_string_vec4
    %concat/vec4; draw_string_vec4
    %pushi/vec4 1142974830, 0, 32; draw_string_vec4
    %concat/vec4; draw_string_vec4
    %pushi/vec4 542589266, 0, 32; draw_string_vec4
    %concat/vec4; draw_string_vec4
    %pushi/vec4 1313427015, 0, 32; draw_string_vec4
    %concat/vec4; draw_string_vec4
    %store/vec4 v0x55ac5f44ae50_0, 0, 256;
    %fork TD_tb_railway_crossing_controller.check_bit, S_0x55ac5f491bd0;
    %join;
    %load/vec4 v0x55ac5f4969d0_0;
    %store/vec4 v0x55ac5f44aef0_0, 0, 1;
    %pushi/vec4 1, 0, 1;
    %store/vec4 v0x55ac5f44a250_0, 0, 1;
    %pushi/vec4 0, 0, 32; draw_string_vec4
    %pushi/vec4 0, 0, 32; draw_string_vec4
    %concat/vec4; draw_string_vec4
    %pushi/vec4 1463898702, 0, 32; draw_string_vec4
    %concat/vec4; draw_string_vec4
    %pushi/vec4 1229866784, 0, 32; draw_string_vec4
    %concat/vec4; draw_string_vec4
    %pushi/vec4 1279870792, 0, 32; draw_string_vec4
    %concat/vec4; draw_string_vec4
    %pushi/vec4 1411410286, 0, 32; draw_string_vec4
    %concat/vec4; draw_string_vec4
    %pushi/vec4 542589266, 0, 32; draw_string_vec4
    %concat/vec4; draw_string_vec4
    %pushi/vec4 1313427015, 0, 32; draw_string_vec4
    %concat/vec4; draw_string_vec4
    %store/vec4 v0x55ac5f44ae50_0, 0, 256;
    %fork TD_tb_railway_crossing_controller.check_bit, S_0x55ac5f491bd0;
    %join;
    %load/vec4 v0x55ac5f495ba0_0;
    %store/vec4 v0x55ac5f44aef0_0, 0, 1;
    %pushi/vec4 1, 0, 1;
    %store/vec4 v0x55ac5f44a250_0, 0, 1;
    %pushi/vec4 0, 0, 32; draw_string_vec4
    %pushi/vec4 0, 0, 32; draw_string_vec4
    %concat/vec4; draw_string_vec4
    %pushi/vec4 0, 0, 32; draw_string_vec4
    %concat/vec4; draw_string_vec4
    %pushi/vec4 66, 0, 32; draw_string_vec4
    %concat/vec4; draw_string_vec4
    %pushi/vec4 1431984709, 0, 32; draw_string_vec4
    %concat/vec4; draw_string_vec4
    %pushi/vec4 1377855854, 0, 32; draw_string_vec4
    %concat/vec4; draw_string_vec4
    %pushi/vec4 542589266, 0, 32; draw_string_vec4
    %concat/vec4; draw_string_vec4
    %pushi/vec4 1313427015, 0, 32; draw_string_vec4
    %concat/vec4; draw_string_vec4
    %store/vec4 v0x55ac5f44ae50_0, 0, 256;
    %fork TD_tb_railway_crossing_controller.check_bit, S_0x55ac5f491bd0;
    %join;
    %load/vec4 v0x55ac5f495aa0_0;
    %store/vec4 v0x55ac5f44aef0_0, 0, 1;
    %pushi/vec4 1, 0, 1;
    %store/vec4 v0x55ac5f44a250_0, 0, 1;
    %pushi/vec4 0, 0, 32; draw_string_vec4
    %pushi/vec4 4342098, 0, 32; draw_string_vec4
    %concat/vec4; draw_string_vec4
    %pushi/vec4 1380533586, 0, 32; draw_string_vec4
    %concat/vec4; draw_string_vec4
    %pushi/vec4 542331977, 0, 32; draw_string_vec4
    %concat/vec4; draw_string_vec4
    %pushi/vec4 1280057429, 0, 32; draw_string_vec4
    %concat/vec4; draw_string_vec4
    %pushi/vec4 1344301422, 0, 32; draw_string_vec4
    %concat/vec4; draw_string_vec4
    %pushi/vec4 542589266, 0, 32; draw_string_vec4
    %concat/vec4; draw_string_vec4
    %pushi/vec4 1313427015, 0, 32; draw_string_vec4
    %concat/vec4; draw_string_vec4
    %store/vec4 v0x55ac5f44ae50_0, 0, 256;
    %fork TD_tb_railway_crossing_controller.check_bit, S_0x55ac5f491bd0;
    %join;
    %fork TD_tb_railway_crossing_controller.show_panel, S_0x55ac5f495090;
    %join;
    %load/vec4 v0x55ac5f495c70_0;
    %addi 1, 0, 32;
    %store/vec4 v0x55ac5f495c70_0, 0, 32;
    %load/vec4 v0x55ac5f496760_0;
    %cmpi/e 1, 0, 2;
    %jmp/0xz  T_16.0, 6;
    %vpi_call 2 225 "$display", "[PASS] TRAIN DIRECTION: LEFT -> RIGHT" {0 0 0};
    %jmp T_16.1;
T_16.0 ;
    %load/vec4 v0x55ac5f495fa0_0;
    %addi 1, 0, 32;
    %store/vec4 v0x55ac5f495fa0_0, 0, 32;
    %vpi_call 2 226 "$display", "[FAIL] TRAIN DIRECTION wrong: %b", v0x55ac5f496760_0 {0 0 0};
T_16.1 ;
    %pushi/vec4 4, 0, 32;
    %store/vec4 v0x55ac5f495860_0, 0, 32;
    %fork TD_tb_railway_crossing_controller.tick, S_0x55ac5f495540;
    %join;
    %pushi/vec4 1, 0, 4;
    %store/vec4 v0x55ac5f3ccd00_0, 0, 4;
    %pushi/vec4 0, 0, 32; draw_string_vec4
    %pushi/vec4 5718354, 0, 32; draw_string_vec4
    %concat/vec4; draw_string_vec4
    %pushi/vec4 1313427015, 0, 32; draw_string_vec4
    %concat/vec4; draw_string_vec4
    %pushi/vec4 542394701, 0, 32; draw_string_vec4
    %concat/vec4; draw_string_vec4
    %pushi/vec4 1163010131, 0, 32; draw_string_vec4
    %concat/vec4; draw_string_vec4
    %pushi/vec4 1414089804, 0, 32; draw_string_vec4
    %concat/vec4; draw_string_vec4
    %pushi/vec4 542266702, 0, 32; draw_string_vec4
    %concat/vec4; draw_string_vec4
    %pushi/vec4 1313427015, 0, 32; draw_string_vec4
    %concat/vec4; draw_string_vec4
    %store/vec4 v0x55ac5f492050_0, 0, 256;
    %fork TD_tb_railway_crossing_controller.check_state, S_0x55ac5f491e30;
    %join;
    %pushi/vec4 1, 0, 32;
    %store/vec4 v0x55ac5f495860_0, 0, 32;
    %fork TD_tb_railway_crossing_controller.tick, S_0x55ac5f495540;
    %join;
    %pushi/vec4 2, 0, 4;
    %store/vec4 v0x55ac5f3ccd00_0, 0, 4;
    %pushi/vec4 0, 0, 32; draw_string_vec4
    %pushi/vec4 0, 0, 32; draw_string_vec4
    %concat/vec4; draw_string_vec4
    %pushi/vec4 0, 0, 32; draw_string_vec4
    %concat/vec4; draw_string_vec4
    %pushi/vec4 0, 0, 32; draw_string_vec4
    %concat/vec4; draw_string_vec4
    %pushi/vec4 1463898702, 0, 32; draw_string_vec4
    %concat/vec4; draw_string_vec4
    %pushi/vec4 1229866784, 0, 32; draw_string_vec4
    %concat/vec4; draw_string_vec4
    %pushi/vec4 1129270608, 0, 32; draw_string_vec4
    %concat/vec4; draw_string_vec4
    %pushi/vec4 1279611973, 0, 32; draw_string_vec4
    %concat/vec4; draw_string_vec4
    %store/vec4 v0x55ac5f492050_0, 0, 256;
    %fork TD_tb_railway_crossing_controller.check_state, S_0x55ac5f491e30;
    %join;
    %load/vec4 v0x55ac5f495a00_0;
    %store/vec4 v0x55ac5f44aef0_0, 0, 1;
    %pushi/vec4 1, 0, 1;
    %store/vec4 v0x55ac5f44a250_0, 0, 1;
    %pushi/vec4 0, 0, 32; draw_string_vec4
    %pushi/vec4 66, 0, 32; draw_string_vec4
    %concat/vec4; draw_string_vec4
    %pushi/vec4 1095914057, 0, 32; draw_string_vec4
    %concat/vec4; draw_string_vec4
    %pushi/vec4 1163010125, 0, 32; draw_string_vec4
    %concat/vec4; draw_string_vec4
    %pushi/vec4 1331054926, 0, 32; draw_string_vec4
    %concat/vec4; draw_string_vec4
    %pushi/vec4 1193306478, 0, 32; draw_string_vec4
    %concat/vec4; draw_string_vec4
    %pushi/vec4 541281359, 0, 32; draw_string_vec4
    %concat/vec4; draw_string_vec4
    %pushi/vec4 1397313095, 0, 32; draw_string_vec4
    %concat/vec4; draw_string_vec4
    %store/vec4 v0x55ac5f44ae50_0, 0, 256;
    %fork TD_tb_railway_crossing_controller.check_bit, S_0x55ac5f491bd0;
    %join;
    %load/vec4 v0x55ac5f495940_0;
    %store/vec4 v0x55ac5f44aef0_0, 0, 1;
    %pushi/vec4 1, 0, 1;
    %store/vec4 v0x55ac5f44a250_0, 0, 1;
    %pushi/vec4 0, 0, 32; draw_string_vec4
    %pushi/vec4 4342098, 0, 32; draw_string_vec4
    %concat/vec4; draw_string_vec4
    %pushi/vec4 1380533586, 0, 32; draw_string_vec4
    %concat/vec4; draw_string_vec4
    %pushi/vec4 541347671, 0, 32; draw_string_vec4
    %concat/vec4; draw_string_vec4
    %pushi/vec4 1310745453, 0, 32; draw_string_vec4
    %concat/vec4; draw_string_vec4
    %pushi/vec4 1679845742, 0, 32; draw_string_vec4
    %concat/vec4; draw_string_vec4
    %pushi/vec4 541281359, 0, 32; draw_string_vec4
    %concat/vec4; draw_string_vec4
    %pushi/vec4 1397313095, 0, 32; draw_string_vec4
    %concat/vec4; draw_string_vec4
    %store/vec4 v0x55ac5f44ae50_0, 0, 256;
    %fork TD_tb_railway_crossing_controller.check_bit, S_0x55ac5f491bd0;
    %join;
    %fork TD_tb_railway_crossing_controller.show_panel, S_0x55ac5f495090;
    %join;
    %vpi_call 2 238 "$display", "--- TEST 3: OBSTACLE DURING CLOSING -> SAFETY HOLD ---" {0 0 0};
    %pushi/vec4 1, 0, 32;
    %store/vec4 v0x55ac5f495860_0, 0, 32;
    %fork TD_tb_railway_crossing_controller.tick, S_0x55ac5f495540;
    %join;
    %pushi/vec4 1, 0, 1;
    %store/vec4 v0x55ac5f496110_0, 0, 1;
    %pushi/vec4 1, 0, 32;
    %store/vec4 v0x55ac5f495860_0, 0, 32;
    %fork TD_tb_railway_crossing_controller.tick, S_0x55ac5f495540;
    %join;
    %pushi/vec4 6, 0, 4;
    %store/vec4 v0x55ac5f3ccd00_0, 0, 4;
    %pushi/vec4 0, 0, 32; draw_string_vec4
    %pushi/vec4 0, 0, 32; draw_string_vec4
    %concat/vec4; draw_string_vec4
    %pushi/vec4 0, 0, 32; draw_string_vec4
    %concat/vec4; draw_string_vec4
    %pushi/vec4 79, 0, 32; draw_string_vec4
    %concat/vec4; draw_string_vec4
    %pushi/vec4 1112757313, 0, 32; draw_string_vec4
    %concat/vec4; draw_string_vec4
    %pushi/vec4 1129071904, 0, 32; draw_string_vec4
    %concat/vec4; draw_string_vec4
    %pushi/vec4 1145394245, 0, 32; draw_string_vec4
    %concat/vec4; draw_string_vec4
    %pushi/vec4 1129596228, 0, 32; draw_string_vec4
    %concat/vec4; draw_string_vec4
    %store/vec4 v0x55ac5f492050_0, 0, 256;
    %fork TD_tb_railway_crossing_controller.check_state, S_0x55ac5f491e30;
    %join;
    %load/vec4 v0x55ac5f495a00_0;
    %store/vec4 v0x55ac5f44aef0_0, 0, 1;
    %pushi/vec4 0, 0, 1;
    %store/vec4 v0x55ac5f44a250_0, 0, 1;
    %pushi/vec4 2458559552, 0, 33;
    %concati/vec4 2594089118, 0, 32;
    %concati/vec4 2755700392, 0, 32;
    %concati/vec4 2661326986, 0, 32;
    %concati/vec4 2285949660, 0, 32;
    %concati/vec4 2169308441, 0, 33;
    %concati/vec4 2861247465, 0, 35;
    %concati/vec4 5196868, 0, 27;
    %store/vec4 v0x55ac5f44ae50_0, 0, 256;
    %fork TD_tb_railway_crossing_controller.check_bit, S_0x55ac5f491bd0;
    %join;
    %load/vec4 v0x55ac5f496280_0;
    %store/vec4 v0x55ac5f44aef0_0, 0, 1;
    %pushi/vec4 1, 0, 1;
    %store/vec4 v0x55ac5f44a250_0, 0, 1;
    %pushi/vec4 21057, 0, 32; draw_string_vec4
    %pushi/vec4 1229725779, 0, 32; draw_string_vec4
    %concat/vec4; draw_string_vec4
    %pushi/vec4 1229409857, 0, 32; draw_string_vec4
    %concat/vec4; draw_string_vec4
    %pushi/vec4 1277186629, 0, 32; draw_string_vec4
    %concat/vec4; draw_string_vec4
    %pushi/vec4 1142974830, 0, 32; draw_string_vec4
    %concat/vec4; draw_string_vec4
    %pushi/vec4 542327110, 0, 32; draw_string_vec4
    %concat/vec4; draw_string_vec4
    %pushi/vec4 1163155807, 0, 32; draw_string_vec4
    %concat/vec4; draw_string_vec4
    %pushi/vec4 1213156420, 0, 32; draw_string_vec4
    %concat/vec4; draw_string_vec4
    %store/vec4 v0x55ac5f44ae50_0, 0, 256;
    %fork TD_tb_railway_crossing_controller.check_bit, S_0x55ac5f491bd0;
    %join;
    %fork TD_tb_railway_crossing_controller.show_panel, S_0x55ac5f495090;
    %join;
    %pushi/vec4 3, 0, 32;
    %store/vec4 v0x55ac5f495860_0, 0, 32;
    %fork TD_tb_railway_crossing_controller.tick, S_0x55ac5f495540;
    %join;
    %pushi/vec4 6, 0, 4;
    %store/vec4 v0x55ac5f3ccd00_0, 0, 4;
    %pushi/vec4 2190646440, 0, 33;
    %concati/vec4 2190646410, 0, 32;
    %concati/vec4 2285940368, 0, 32;
    %concati/vec4 2459470400, 0, 32;
    %concati/vec4 2659493544, 0, 32;
    %concati/vec4 2189858954, 0, 32;
    %concati/vec4 2168539413, 0, 33;
    %concati/vec4 323309140, 0, 30;
    %store/vec4 v0x55ac5f492050_0, 0, 256;
    %fork TD_tb_railway_crossing_controller.check_state, S_0x55ac5f491e30;
    %join;
    %vpi_call 2 250 "$display", "--- TEST 4: OBSTACLE CLEARED -> RESUME CLOSING ---" {0 0 0};
    %pushi/vec4 0, 0, 1;
    %store/vec4 v0x55ac5f496110_0, 0, 1;
    %pushi/vec4 1, 0, 32;
    %store/vec4 v0x55ac5f495860_0, 0, 32;
    %fork TD_tb_railway_crossing_controller.tick, S_0x55ac5f495540;
    %join;
    %pushi/vec4 2, 0, 4;
    %store/vec4 v0x55ac5f3ccd00_0, 0, 4;
    %pushi/vec4 0, 0, 32; draw_string_vec4
    %pushi/vec4 0, 0, 32; draw_string_vec4
    %concat/vec4; draw_string_vec4
    %pushi/vec4 0, 0, 32; draw_string_vec4
    %concat/vec4; draw_string_vec4
    %pushi/vec4 0, 0, 32; draw_string_vec4
    %concat/vec4; draw_string_vec4
    %pushi/vec4 1329746772, 0, 32; draw_string_vec4
    %concat/vec4; draw_string_vec4
    %pushi/vec4 1094929477, 0, 32; draw_string_vec4
    %concat/vec4; draw_string_vec4
    %pushi/vec4 541281349, 0, 32; draw_string_vec4
    %concat/vec4; draw_string_vec4
    %pushi/vec4 1095910724, 0, 32; draw_string_vec4
    %concat/vec4; draw_string_vec4
    %store/vec4 v0x55ac5f492050_0, 0, 256;
    %fork TD_tb_railway_crossing_controller.check_state, S_0x55ac5f491e30;
    %join;
    %fork TD_tb_railway_crossing_controller.show_panel, S_0x55ac5f495090;
    %join;
    %vpi_call 2 257 "$display", "--- TEST 5: BARRIER CLOSED / TRAIN PASSING ---" {0 0 0};
    %pushi/vec4 4, 0, 32;
    %store/vec4 v0x55ac5f495860_0, 0, 32;
    %fork TD_tb_railway_crossing_controller.tick, S_0x55ac5f495540;
    %join;
    %pushi/vec4 3, 0, 4;
    %store/vec4 v0x55ac5f3ccd00_0, 0, 4;
    %pushi/vec4 0, 0, 32; draw_string_vec4
    %pushi/vec4 0, 0, 32; draw_string_vec4
    %concat/vec4; draw_string_vec4
    %pushi/vec4 0, 0, 32; draw_string_vec4
    %concat/vec4; draw_string_vec4
    %pushi/vec4 0, 0, 32; draw_string_vec4
    %concat/vec4; draw_string_vec4
    %pushi/vec4 16961, 0, 32; draw_string_vec4
    %concat/vec4; draw_string_vec4
    %pushi/vec4 1381124421, 0, 32; draw_string_vec4
    %concat/vec4; draw_string_vec4
    %pushi/vec4 1377846092, 0, 32; draw_string_vec4
    %concat/vec4; draw_string_vec4
    %pushi/vec4 1330857284, 0, 32; draw_string_vec4
    %concat/vec4; draw_string_vec4
    %store/vec4 v0x55ac5f492050_0, 0, 256;
    %fork TD_tb_railway_crossing_controller.check_state, S_0x55ac5f491e30;
    %join;
    %load/vec4 v0x55ac5f495940_0;
    %store/vec4 v0x55ac5f44aef0_0, 0, 1;
    %pushi/vec4 1, 0, 1;
    %store/vec4 v0x55ac5f44a250_0, 0, 1;
    %pushi/vec4 0, 0, 32; draw_string_vec4
    %pushi/vec4 0, 0, 32; draw_string_vec4
    %concat/vec4; draw_string_vec4
    %pushi/vec4 16961, 0, 32; draw_string_vec4
    %concat/vec4; draw_string_vec4
    %pushi/vec4 1381124421, 0, 32; draw_string_vec4
    %concat/vec4; draw_string_vec4
    %pushi/vec4 1377846351, 0, 32; draw_string_vec4
    %concat/vec4; draw_string_vec4
    %pushi/vec4 1464737897, 0, 32; draw_string_vec4
    %concat/vec4; draw_string_vec4
    %pushi/vec4 1847608140, 0, 32; draw_string_vec4
    %concat/vec4; draw_string_vec4
    %pushi/vec4 1330857284, 0, 32; draw_string_vec4
    %concat/vec4; draw_string_vec4
    %store/vec4 v0x55ac5f44ae50_0, 0, 256;
    %fork TD_tb_railway_crossing_controller.check_bit, S_0x55ac5f491bd0;
    %join;
    %load/vec4 v0x55ac5f495a00_0;
    %store/vec4 v0x55ac5f44aef0_0, 0, 1;
    %pushi/vec4 0, 0, 1;
    %store/vec4 v0x55ac5f44a250_0, 0, 1;
    %pushi/vec4 0, 0, 32; draw_string_vec4
    %pushi/vec4 4342098, 0, 32; draw_string_vec4
    %concat/vec4; draw_string_vec4
    %pushi/vec4 1380533586, 0, 32; draw_string_vec4
    %concat/vec4; draw_string_vec4
    %pushi/vec4 541937492, 0, 32; draw_string_vec4
    %concat/vec4; draw_string_vec4
    %pushi/vec4 1330782287, 0, 32; draw_string_vec4
    %concat/vec4; draw_string_vec4
    %pushi/vec4 1179000937, 0, 32; draw_string_vec4
    %concat/vec4; draw_string_vec4
    %pushi/vec4 1847608140, 0, 32; draw_string_vec4
    %concat/vec4; draw_string_vec4
    %pushi/vec4 1330857284, 0, 32; draw_string_vec4
    %concat/vec4; draw_string_vec4
    %store/vec4 v0x55ac5f44ae50_0, 0, 256;
    %fork TD_tb_railway_crossing_controller.check_bit, S_0x55ac5f491bd0;
    %join;
    %fork TD_tb_railway_crossing_controller.show_panel, S_0x55ac5f495090;
    %join;
    %pushi/vec4 1, 0, 32;
    %store/vec4 v0x55ac5f495860_0, 0, 32;
    %fork TD_tb_railway_crossing_controller.tick, S_0x55ac5f495540;
    %join;
    %pushi/vec4 4, 0, 4;
    %store/vec4 v0x55ac5f3ccd00_0, 0, 4;
    %pushi/vec4 0, 0, 32; draw_string_vec4
    %pushi/vec4 0, 0, 32; draw_string_vec4
    %concat/vec4; draw_string_vec4
    %pushi/vec4 0, 0, 32; draw_string_vec4
    %concat/vec4; draw_string_vec4
    %pushi/vec4 0, 0, 32; draw_string_vec4
    %concat/vec4; draw_string_vec4
    %pushi/vec4 84, 0, 32; draw_string_vec4
    %concat/vec4; draw_string_vec4
    %pushi/vec4 1380010318, 0, 32; draw_string_vec4
    %concat/vec4; draw_string_vec4
    %pushi/vec4 542130515, 0, 32; draw_string_vec4
    %concat/vec4; draw_string_vec4
    %pushi/vec4 1397313095, 0, 32; draw_string_vec4
    %concat/vec4; draw_string_vec4
    %store/vec4 v0x55ac5f492050_0, 0, 256;
    %fork TD_tb_railway_crossing_controller.check_state, S_0x55ac5f491e30;
    %join;
    %fork TD_tb_railway_crossing_controller.show_panel, S_0x55ac5f495090;
    %join;
    %pushi/vec4 4, 0, 32;
    %store/vec4 v0x55ac5f495860_0, 0, 32;
    %fork TD_tb_railway_crossing_controller.tick, S_0x55ac5f495540;
    %join;
    %pushi/vec4 4, 0, 4;
    %store/vec4 v0x55ac5f3ccd00_0, 0, 4;
    %pushi/vec4 0, 0, 32; draw_string_vec4
    %pushi/vec4 0, 0, 32; draw_string_vec4
    %concat/vec4; draw_string_vec4
    %pushi/vec4 5526081, 0, 32; draw_string_vec4
    %concat/vec4; draw_string_vec4
    %pushi/vec4 1229856851, 0, 32; draw_string_vec4
    %concat/vec4; draw_string_vec4
    %pushi/vec4 1414089804, 0, 32; draw_string_vec4
    %concat/vec4; draw_string_vec4
    %pushi/vec4 542068256, 0, 32; draw_string_vec4
    %concat/vec4; draw_string_vec4
    %pushi/vec4 1129467731, 0, 32; draw_string_vec4
    %concat/vec4; draw_string_vec4
    %pushi/vec4 1397313095, 0, 32; draw_string_vec4
    %concat/vec4; draw_string_vec4
    %store/vec4 v0x55ac5f492050_0, 0, 256;
    %fork TD_tb_railway_crossing_controller.check_state, S_0x55ac5f491e30;
    %join;
    %vpi_call 2 272 "$display", "--- TEST 6: TRAIN DEPARTED -> OPENING -> IDLE ---" {0 0 0};
    %pushi/vec4 0, 0, 1;
    %store/vec4 v0x55ac5f4965c0_0, 0, 1;
    %pushi/vec4 0, 0, 1;
    %store/vec4 v0x55ac5f496830_0, 0, 1;
    %pushi/vec4 1, 0, 1;
    %store/vec4 v0x55ac5f496690_0, 0, 1;
    %pushi/vec4 1, 0, 32;
    %store/vec4 v0x55ac5f495860_0, 0, 32;
    %fork TD_tb_railway_crossing_controller.tick, S_0x55ac5f495540;
    %join;
    %pushi/vec4 5, 0, 4;
    %store/vec4 v0x55ac5f3ccd00_0, 0, 4;
    %pushi/vec4 0, 0, 32; draw_string_vec4
    %pushi/vec4 0, 0, 32; draw_string_vec4
    %concat/vec4; draw_string_vec4
    %pushi/vec4 0, 0, 32; draw_string_vec4
    %concat/vec4; draw_string_vec4
    %pushi/vec4 0, 0, 32; draw_string_vec4
    %concat/vec4; draw_string_vec4
    %pushi/vec4 21586, 0, 32; draw_string_vec4
    %concat/vec4; draw_string_vec4
    %pushi/vec4 1095323168, 0, 32; draw_string_vec4
    %concat/vec4; draw_string_vec4
    %pushi/vec4 1145393217, 0, 32; draw_string_vec4
    %concat/vec4; draw_string_vec4
    %pushi/vec4 1381254468, 0, 32; draw_string_vec4
    %concat/vec4; draw_string_vec4
    %store/vec4 v0x55ac5f492050_0, 0, 256;
    %fork TD_tb_railway_crossing_controller.check_state, S_0x55ac5f491e30;
    %join;
    %load/vec4 v0x55ac5f495aa0_0;
    %store/vec4 v0x55ac5f44aef0_0, 0, 1;
    %pushi/vec4 1, 0, 1;
    %store/vec4 v0x55ac5f44a250_0, 0, 1;
    %pushi/vec4 0, 0, 32; draw_string_vec4
    %pushi/vec4 66, 0, 32; draw_string_vec4
    %concat/vec4; draw_string_vec4
    %pushi/vec4 1095914057, 0, 32; draw_string_vec4
    %concat/vec4; draw_string_vec4
    %pushi/vec4 1163010133, 0, 32; draw_string_vec4
    %concat/vec4; draw_string_vec4
    %pushi/vec4 1344299885, 0, 32; draw_string_vec4
    %concat/vec4; draw_string_vec4
    %pushi/vec4 1679845742, 0, 32; draw_string_vec4
    %concat/vec4; draw_string_vec4
    %pushi/vec4 542068805, 0, 32; draw_string_vec4
    %concat/vec4; draw_string_vec4
    %pushi/vec4 1313427015, 0, 32; draw_string_vec4
    %concat/vec4; draw_string_vec4
    %store/vec4 v0x55ac5f44ae50_0, 0, 256;
    %fork TD_tb_railway_crossing_controller.check_bit, S_0x55ac5f491bd0;
    %join;
    %load/vec4 v0x55ac5f495a00_0;
    %store/vec4 v0x55ac5f44aef0_0, 0, 1;
    %pushi/vec4 1, 0, 1;
    %store/vec4 v0x55ac5f44a250_0, 0, 1;
    %pushi/vec4 0, 0, 32; draw_string_vec4
    %pushi/vec4 66, 0, 32; draw_string_vec4
    %concat/vec4; draw_string_vec4
    %pushi/vec4 1095914057, 0, 32; draw_string_vec4
    %concat/vec4; draw_string_vec4
    %pushi/vec4 1163010125, 0, 32; draw_string_vec4
    %concat/vec4; draw_string_vec4
    %pushi/vec4 1331054926, 0, 32; draw_string_vec4
    %concat/vec4; draw_string_vec4
    %pushi/vec4 1193306478, 0, 32; draw_string_vec4
    %concat/vec4; draw_string_vec4
    %pushi/vec4 542068805, 0, 32; draw_string_vec4
    %concat/vec4; draw_string_vec4
    %pushi/vec4 1313427015, 0, 32; draw_string_vec4
    %concat/vec4; draw_string_vec4
    %store/vec4 v0x55ac5f44ae50_0, 0, 256;
    %fork TD_tb_railway_crossing_controller.check_bit, S_0x55ac5f491bd0;
    %join;
    %fork TD_tb_railway_crossing_controller.show_panel, S_0x55ac5f495090;
    %join;
    %pushi/vec4 0, 0, 1;
    %store/vec4 v0x55ac5f496690_0, 0, 1;
    %pushi/vec4 4, 0, 32;
    %store/vec4 v0x55ac5f495860_0, 0, 32;
    %fork TD_tb_railway_crossing_controller.tick, S_0x55ac5f495540;
    %join;
    %pushi/vec4 0, 0, 4;
    %store/vec4 v0x55ac5f3ccd00_0, 0, 4;
    %pushi/vec4 0, 0, 32; draw_string_vec4
    %pushi/vec4 0, 0, 32; draw_string_vec4
    %concat/vec4; draw_string_vec4
    %pushi/vec4 0, 0, 32; draw_string_vec4
    %concat/vec4; draw_string_vec4
    %pushi/vec4 0, 0, 32; draw_string_vec4
    %concat/vec4; draw_string_vec4
    %pushi/vec4 0, 0, 32; draw_string_vec4
    %concat/vec4; draw_string_vec4
    %pushi/vec4 1111577170, 0, 32; draw_string_vec4
    %concat/vec4; draw_string_vec4
    %pushi/vec4 1229279776, 0, 32; draw_string_vec4
    %concat/vec4; draw_string_vec4
    %pushi/vec4 1330660686, 0, 32; draw_string_vec4
    %concat/vec4; draw_string_vec4
    %store/vec4 v0x55ac5f492050_0, 0, 256;
    %fork TD_tb_railway_crossing_controller.check_state, S_0x55ac5f491e30;
    %join;
    %load/vec4 v0x55ac5f496280_0;
    %store/vec4 v0x55ac5f44aef0_0, 0, 1;
    %pushi/vec4 0, 0, 1;
    %store/vec4 v0x55ac5f44a250_0, 0, 1;
    %pushi/vec4 21057, 0, 32; draw_string_vec4
    %pushi/vec4 1229725779, 0, 32; draw_string_vec4
    %concat/vec4; draw_string_vec4
    %pushi/vec4 1229409857, 0, 32; draw_string_vec4
    %concat/vec4; draw_string_vec4
    %pushi/vec4 1277183826, 0, 32; draw_string_vec4
    %concat/vec4; draw_string_vec4
    %pushi/vec4 1162169888, 0, 32; draw_string_vec4
    %concat/vec4; draw_string_vec4
    %pushi/vec4 1650549611, 0, 32; draw_string_vec4
    %concat/vec4; draw_string_vec4
    %pushi/vec4 543780384, 0, 32; draw_string_vec4
    %concat/vec4; draw_string_vec4
    %pushi/vec4 1229212741, 0, 32; draw_string_vec4
    %concat/vec4; draw_string_vec4
    %store/vec4 v0x55ac5f44ae50_0, 0, 256;
    %fork TD_tb_railway_crossing_controller.check_bit, S_0x55ac5f491bd0;
    %join;
    %fork TD_tb_railway_crossing_controller.show_panel, S_0x55ac5f495090;
    %join;
    %vpi_call 2 289 "$display", "--- TEST 7: TRAIN FROM RIGHT ---" {0 0 0};
    %pushi/vec4 1, 0, 1;
    %store/vec4 v0x55ac5f4965c0_0, 0, 1;
    %pushi/vec4 1, 0, 1;
    %store/vec4 v0x55ac5f496900_0, 0, 1;
    %pushi/vec4 1, 0, 32;
    %store/vec4 v0x55ac5f495860_0, 0, 32;
    %fork TD_tb_railway_crossing_controller.tick, S_0x55ac5f495540;
    %join;
    %pushi/vec4 1, 0, 4;
    %store/vec4 v0x55ac5f3ccd00_0, 0, 4;
    %pushi/vec4 0, 0, 32; draw_string_vec4
    %pushi/vec4 84, 0, 32; draw_string_vec4
    %concat/vec4; draw_string_vec4
    %pushi/vec4 1380010318, 0, 32; draw_string_vec4
    %concat/vec4; draw_string_vec4
    %pushi/vec4 541151312, 0, 32; draw_string_vec4
    %concat/vec4; draw_string_vec4
    %pushi/vec4 1380925763, 0, 32; draw_string_vec4
    %concat/vec4; draw_string_vec4
    %pushi/vec4 1210074706, 0, 32; draw_string_vec4
    %concat/vec4; draw_string_vec4
    %pushi/vec4 1330454610, 0, 32; draw_string_vec4
    %concat/vec4; draw_string_vec4
    %pushi/vec4 1229408340, 0, 32; draw_string_vec4
    %concat/vec4; draw_string_vec4
    %store/vec4 v0x55ac5f492050_0, 0, 256;
    %fork TD_tb_railway_crossing_controller.check_state, S_0x55ac5f491e30;
    %join;
    %load/vec4 v0x55ac5f495c70_0;
    %addi 1, 0, 32;
    %store/vec4 v0x55ac5f495c70_0, 0, 32;
    %load/vec4 v0x55ac5f496760_0;
    %cmpi/e 2, 0, 2;
    %jmp/0xz  T_16.2, 6;
    %vpi_call 2 295 "$display", "[PASS] TRAIN DIRECTION: RIGHT -> LEFT" {0 0 0};
    %jmp T_16.3;
T_16.2 ;
    %load/vec4 v0x55ac5f495fa0_0;
    %addi 1, 0, 32;
    %store/vec4 v0x55ac5f495fa0_0, 0, 32;
    %vpi_call 2 296 "$display", "[FAIL] TRAIN DIRECTION wrong: %b", v0x55ac5f496760_0 {0 0 0};
T_16.3 ;
    %fork TD_tb_railway_crossing_controller.show_panel, S_0x55ac5f495090;
    %join;
    %pushi/vec4 5, 0, 32;
    %store/vec4 v0x55ac5f495860_0, 0, 32;
    %fork TD_tb_railway_crossing_controller.tick, S_0x55ac5f495540;
    %join;
    %pushi/vec4 2, 0, 4;
    %store/vec4 v0x55ac5f3ccd00_0, 0, 4;
    %pushi/vec4 2459733568, 0, 33;
    %concati/vec4 2258541216, 0, 32;
    %concati/vec4 2559223946, 0, 32;
    %concati/vec4 2158086565, 0, 33;
    %concati/vec4 2644627637, 0, 32;
    %concati/vec4 2310919609, 0, 32;
    %concati/vec4 2424426953, 0, 32;
    %concati/vec4 560557609, 0, 30;
    %store/vec4 v0x55ac5f492050_0, 0, 256;
    %fork TD_tb_railway_crossing_controller.check_state, S_0x55ac5f491e30;
    %join;
    %vpi_call 2 303 "$display", "--- TEST 8: EMERGENCY OVERRIDE (highest priority) ---" {0 0 0};
    %pushi/vec4 1, 0, 1;
    %store/vec4 v0x55ac5f495ed0_0, 0, 1;
    %pushi/vec4 1, 0, 32;
    %store/vec4 v0x55ac5f495860_0, 0, 32;
    %fork TD_tb_railway_crossing_controller.tick, S_0x55ac5f495540;
    %join;
    %pushi/vec4 7, 0, 4;
    %store/vec4 v0x55ac5f3ccd00_0, 0, 4;
    %pushi/vec4 0, 0, 32; draw_string_vec4
    %pushi/vec4 0, 0, 32; draw_string_vec4
    %concat/vec4; draw_string_vec4
    %pushi/vec4 0, 0, 32; draw_string_vec4
    %concat/vec4; draw_string_vec4
    %pushi/vec4 17741, 0, 32; draw_string_vec4
    %concat/vec4; draw_string_vec4
    %pushi/vec4 1163020101, 0, 32; draw_string_vec4
    %concat/vec4; draw_string_vec4
    %pushi/vec4 1313036576, 0, 32; draw_string_vec4
    %concat/vec4; draw_string_vec4
    %pushi/vec4 1095979845, 0, 32; draw_string_vec4
    %concat/vec4; draw_string_vec4
    %pushi/vec4 1381254468, 0, 32; draw_string_vec4
    %concat/vec4; draw_string_vec4
    %store/vec4 v0x55ac5f492050_0, 0, 256;
    %fork TD_tb_railway_crossing_controller.check_state, S_0x55ac5f491e30;
    %join;
    %load/vec4 v0x55ac5f495e00_0;
    %store/vec4 v0x55ac5f44aef0_0, 0, 1;
    %pushi/vec4 1, 0, 1;
    %store/vec4 v0x55ac5f44a250_0, 0, 1;
    %pushi/vec4 0, 0, 32; draw_string_vec4
    %pushi/vec4 0, 0, 32; draw_string_vec4
    %concat/vec4; draw_string_vec4
    %pushi/vec4 17741, 0, 32; draw_string_vec4
    %concat/vec4; draw_string_vec4
    %pushi/vec4 1163020101, 0, 32; draw_string_vec4
    %concat/vec4; draw_string_vec4
    %pushi/vec4 1313036576, 0, 32; draw_string_vec4
    %concat/vec4; draw_string_vec4
    %pushi/vec4 1229866057, 0, 32; draw_string_vec4
    %concat/vec4; draw_string_vec4
    %pushi/vec4 1128354895, 0, 32; draw_string_vec4
    %concat/vec4; draw_string_vec4
    %pushi/vec4 1377849166, 0, 32; draw_string_vec4
    %concat/vec4; draw_string_vec4
    %store/vec4 v0x55ac5f44ae50_0, 0, 256;
    %fork TD_tb_railway_crossing_controller.check_bit, S_0x55ac5f491bd0;
    %join;
    %load/vec4 v0x55ac5f496280_0;
    %store/vec4 v0x55ac5f44aef0_0, 0, 1;
    %pushi/vec4 1, 0, 1;
    %store/vec4 v0x55ac5f44a250_0, 0, 1;
    %pushi/vec4 0, 0, 32; draw_string_vec4
    %pushi/vec4 1380010316, 0, 32; draw_string_vec4
    %concat/vec4; draw_string_vec4
    %pushi/vec4 542329159, 0, 32; draw_string_vec4
    %concat/vec4; draw_string_vec4
    %pushi/vec4 1312902176, 0, 32; draw_string_vec4
    %concat/vec4; draw_string_vec4
    %pushi/vec4 1380271136, 0, 32; draw_string_vec4
    %concat/vec4; draw_string_vec4
    %pushi/vec4 1768824901, 0, 32; draw_string_vec4
    %concat/vec4; draw_string_vec4
    %pushi/vec4 1296388679, 0, 32; draw_string_vec4
    %concat/vec4; draw_string_vec4
    %pushi/vec4 1162756953, 0, 32; draw_string_vec4
    %concat/vec4; draw_string_vec4
    %store/vec4 v0x55ac5f44ae50_0, 0, 256;
    %fork TD_tb_railway_crossing_controller.check_bit, S_0x55ac5f491bd0;
    %join;
    %load/vec4 v0x55ac5f495aa0_0;
    %store/vec4 v0x55ac5f44aef0_0, 0, 1;
    %pushi/vec4 1, 0, 1;
    %store/vec4 v0x55ac5f44a250_0, 0, 1;
    %pushi/vec4 2762248842, 0, 33;
    %concati/vec4 2755699842, 0, 32;
    %concati/vec4 2460387976, 0, 32;
    %concati/vec4 2158082492, 0, 33;
    %concati/vec4 2178267597, 0, 32;
    %concati/vec4 2241434753, 0, 32;
    %concati/vec4 2377235917, 0, 32;
    %concati/vec4 695101225, 0, 30;
    %store/vec4 v0x55ac5f44ae50_0, 0, 256;
    %fork TD_tb_railway_crossing_controller.check_bit, S_0x55ac5f491bd0;
    %join;
    %fork TD_tb_railway_crossing_controller.show_panel, S_0x55ac5f495090;
    %join;
    %pushi/vec4 1, 0, 1;
    %store/vec4 v0x55ac5f496110_0, 0, 1;
    %pushi/vec4 2, 0, 32;
    %store/vec4 v0x55ac5f495860_0, 0, 32;
    %fork TD_tb_railway_crossing_controller.tick, S_0x55ac5f495540;
    %join;
    %pushi/vec4 7, 0, 4;
    %store/vec4 v0x55ac5f3ccd00_0, 0, 4;
    %pushi/vec4 69, 0, 32; draw_string_vec4
    %pushi/vec4 1296388679, 0, 32; draw_string_vec4
    %concat/vec4; draw_string_vec4
    %pushi/vec4 1162756953, 0, 32; draw_string_vec4
    %concat/vec4; draw_string_vec4
    %pushi/vec4 541609804, 0, 32; draw_string_vec4
    %concat/vec4; draw_string_vec4
    %pushi/vec4 1146298447, 0, 32; draw_string_vec4
    %concat/vec4; draw_string_vec4
    %pushi/vec4 1447383584, 0, 32; draw_string_vec4
    %concat/vec4; draw_string_vec4
    %pushi/vec4 1329746772, 0, 32; draw_string_vec4
    %concat/vec4; draw_string_vec4
    %pushi/vec4 1094929477, 0, 32; draw_string_vec4
    %concat/vec4; draw_string_vec4
    %store/vec4 v0x55ac5f492050_0, 0, 256;
    %fork TD_tb_railway_crossing_controller.check_state, S_0x55ac5f491e30;
    %join;
    %pushi/vec4 0, 0, 1;
    %store/vec4 v0x55ac5f496110_0, 0, 1;
    %pushi/vec4 0, 0, 1;
    %store/vec4 v0x55ac5f495ed0_0, 0, 1;
    %pushi/vec4 2, 0, 32;
    %store/vec4 v0x55ac5f495860_0, 0, 32;
    %fork TD_tb_railway_crossing_controller.tick, S_0x55ac5f495540;
    %join;
    %pushi/vec4 7, 0, 4;
    %store/vec4 v0x55ac5f3ccd00_0, 0, 4;
    %pushi/vec4 2391448710, 0, 33;
    %concati/vec4 2990577794, 0, 32;
    %concati/vec4 2827391114, 0, 32;
    %concati/vec4 2285939356, 0, 32;
    %concati/vec4 2828179520, 0, 32;
    %concati/vec4 2661321380, 0, 32;
    %concati/vec4 2192088740, 0, 32;
    %concati/vec4 541147979, 0, 31;
    %store/vec4 v0x55ac5f492050_0, 0, 256;
    %fork TD_tb_railway_crossing_controller.check_state, S_0x55ac5f491e30;
    %join;
    %vpi_call 2 323 "$display", "--- TEST 9: RECOVERY VIA MANUAL RESET ---" {0 0 0};
    %pushi/vec4 1, 0, 1;
    %store/vec4 v0x55ac5f496040_0, 0, 1;
    %pushi/vec4 1, 0, 32;
    %store/vec4 v0x55ac5f495860_0, 0, 32;
    %fork TD_tb_railway_crossing_controller.tick, S_0x55ac5f495540;
    %join;
    %pushi/vec4 0, 0, 1;
    %store/vec4 v0x55ac5f496040_0, 0, 1;
    %pushi/vec4 5, 0, 4;
    %store/vec4 v0x55ac5f3ccd00_0, 0, 4;
    %pushi/vec4 20304, 0, 32; draw_string_vec4
    %pushi/vec4 1163018580, 0, 32; draw_string_vec4
    %concat/vec4; draw_string_vec4
    %pushi/vec4 1330782273, 0, 32; draw_string_vec4
    %concat/vec4; draw_string_vec4
    %pushi/vec4 1128996909, 0, 32; draw_string_vec4
    %concat/vec4; draw_string_vec4
    %pushi/vec4 1042301505, 0, 32; draw_string_vec4
    %concat/vec4; draw_string_vec4
    %pushi/vec4 1381124421, 0, 32; draw_string_vec4
    %concat/vec4; draw_string_vec4
    %pushi/vec4 1377849921, 0, 32; draw_string_vec4
    %concat/vec4; draw_string_vec4
    %pushi/vec4 1230193988, 0, 32; draw_string_vec4
    %concat/vec4; draw_string_vec4
    %store/vec4 v0x55ac5f492050_0, 0, 256;
    %fork TD_tb_railway_crossing_controller.check_state, S_0x55ac5f491e30;
    %join;
    %fork TD_tb_railway_crossing_controller.show_panel, S_0x55ac5f495090;
    %join;
    %pushi/vec4 0, 0, 1;
    %store/vec4 v0x55ac5f4965c0_0, 0, 1;
    %pushi/vec4 0, 0, 1;
    %store/vec4 v0x55ac5f496900_0, 0, 1;
    %pushi/vec4 4, 0, 32;
    %store/vec4 v0x55ac5f495860_0, 0, 32;
    %fork TD_tb_railway_crossing_controller.tick, S_0x55ac5f495540;
    %join;
    %pushi/vec4 0, 0, 4;
    %store/vec4 v0x55ac5f3ccd00_0, 0, 4;
    %pushi/vec4 0, 0, 32; draw_string_vec4
    %pushi/vec4 0, 0, 32; draw_string_vec4
    %concat/vec4; draw_string_vec4
    %pushi/vec4 0, 0, 32; draw_string_vec4
    %concat/vec4; draw_string_vec4
    %pushi/vec4 82, 0, 32; draw_string_vec4
    %concat/vec4; draw_string_vec4
    %pushi/vec4 1162039126, 0, 32; draw_string_vec4
    %concat/vec4; draw_string_vec4
    %pushi/vec4 1163019588, 0, 32; draw_string_vec4
    %concat/vec4; draw_string_vec4
    %pushi/vec4 542396192, 0, 32; draw_string_vec4
    %concat/vec4; draw_string_vec4
    %pushi/vec4 1229212741, 0, 32; draw_string_vec4
    %concat/vec4; draw_string_vec4
    %store/vec4 v0x55ac5f492050_0, 0, 256;
    %fork TD_tb_railway_crossing_controller.check_state, S_0x55ac5f491e30;
    %join;
    %fork TD_tb_railway_crossing_controller.show_panel, S_0x55ac5f495090;
    %join;
    %vpi_call 2 337 "$display", "--- TEST 10: ASYNCHRONOUS RESET DURING OPERATION ---" {0 0 0};
    %pushi/vec4 1, 0, 1;
    %store/vec4 v0x55ac5f4965c0_0, 0, 1;
    %pushi/vec4 3, 0, 32;
    %store/vec4 v0x55ac5f495860_0, 0, 32;
    %fork TD_tb_railway_crossing_controller.tick, S_0x55ac5f495540;
    %join;
    %pushi/vec4 1, 0, 4;
    %store/vec4 v0x55ac5f3ccd00_0, 0, 4;
    %pushi/vec4 0, 0, 32; draw_string_vec4
    %pushi/vec4 0, 0, 32; draw_string_vec4
    %concat/vec4; draw_string_vec4
    %pushi/vec4 19785, 0, 32; draw_string_vec4
    %concat/vec4; draw_string_vec4
    %pushi/vec4 1143821125, 0, 32; draw_string_vec4
    %concat/vec4; draw_string_vec4
    %pushi/vec4 1364542798, 0, 32; draw_string_vec4
    %concat/vec4; draw_string_vec4
    %pushi/vec4 1128603688, 0, 32; draw_string_vec4
    %concat/vec4; draw_string_vec4
    %pushi/vec4 1463898702, 0, 32; draw_string_vec4
    %concat/vec4; draw_string_vec4
    %pushi/vec4 1229866793, 0, 32; draw_string_vec4
    %concat/vec4; draw_string_vec4
    %store/vec4 v0x55ac5f492050_0, 0, 256;
    %fork TD_tb_railway_crossing_controller.check_state, S_0x55ac5f491e30;
    %join;
    %pushi/vec4 0, 0, 1;
    %store/vec4 v0x55ac5f496350_0, 0, 1;
    %delay 2000, 0;
    %pushi/vec4 0, 0, 4;
    %store/vec4 v0x55ac5f3ccd00_0, 0, 4;
    %pushi/vec4 0, 0, 32; draw_string_vec4
    %pushi/vec4 0, 0, 32; draw_string_vec4
    %concat/vec4; draw_string_vec4
    %pushi/vec4 4281177, 0, 32; draw_string_vec4
    %concat/vec4; draw_string_vec4
    %pushi/vec4 1313022034, 0, 32; draw_string_vec4
    %concat/vec4; draw_string_vec4
    %pushi/vec4 1163085140, 0, 32; draw_string_vec4
    %concat/vec4; draw_string_vec4
    %pushi/vec4 541478738, 0, 32; draw_string_vec4
    %concat/vec4; draw_string_vec4
    %pushi/vec4 1128616736, 0, 32; draw_string_vec4
    %concat/vec4; draw_string_vec4
    %pushi/vec4 1229212741, 0, 32; draw_string_vec4
    %concat/vec4; draw_string_vec4
    %store/vec4 v0x55ac5f492050_0, 0, 256;
    %fork TD_tb_railway_crossing_controller.check_state, S_0x55ac5f491e30;
    %join;
    %pushi/vec4 1, 0, 1;
    %store/vec4 v0x55ac5f496350_0, 0, 1;
    %pushi/vec4 0, 0, 1;
    %store/vec4 v0x55ac5f4965c0_0, 0, 1;
    %pushi/vec4 2, 0, 32;
    %store/vec4 v0x55ac5f495860_0, 0, 32;
    %fork TD_tb_railway_crossing_controller.tick, S_0x55ac5f495540;
    %join;
    %fork TD_tb_railway_crossing_controller.show_panel, S_0x55ac5f495090;
    %join;
    %vpi_call 2 350 "$display", "============================================" {0 0 0};
    %vpi_call 2 351 "$display", "CHECKS RUN : %0d", v0x55ac5f495c70_0 {0 0 0};
    %vpi_call 2 352 "$display", "FAILURES   : %0d", v0x55ac5f495fa0_0 {0 0 0};
    %load/vec4 v0x55ac5f495fa0_0;
    %cmpi/e 0, 0, 32;
    %jmp/0xz  T_16.4, 4;
    %vpi_call 2 353 "$display", "TEST RESULT: PASS" {0 0 0};
    %jmp T_16.5;
T_16.4 ;
    %vpi_call 2 354 "$display", "TEST RESULT: FAIL" {0 0 0};
T_16.5 ;
    %vpi_call 2 355 "$display", "============================================" {0 0 0};
    %vpi_call 2 356 "$finish" {0 0 0};
    %end;
    .thread T_16;
# The file index is used to find the file name in the following table.
:file_names 4;
    "N/A";
    "<interactive>";
    "tb/tb_railway_crossing_controller.v";
    "rtl/railway_crossing_controller.v";
